Component: ARM Compiler 5.06 update 5 (build 528) Tool: armlink [4d35e2]

==============================================================================

Section Cross References

    main.o(i.SystemClock_Config) refers to memseta.o(.text) for __aeabi_memclr4
    main.o(i.SystemClock_Config) refers to stm32f1xx_hal_rcc.o(i.HAL_RCC_OscConfig) for HAL_RCC_OscConfig
    main.o(i.SystemClock_Config) refers to main.o(i.Error_Handler) for Error_Handler
    main.o(i.SystemClock_Config) refers to stm32f1xx_hal_rcc.o(i.HAL_RCC_ClockConfig) for HAL_RCC_ClockConfig
    main.o(i.main) refers to stm32f1xx_hal.o(i.HAL_Init) for HAL_Init
    main.o(i.main) refers to main.o(i.SystemClock_Config) for SystemClock_Config
    main.o(i.main) refers to gpio.o(i.MX_GPIO_Init) for MX_GPIO_Init
    main.o(i.main) refers to usart.o(i.MX_USART2_UART_Init) for MX_USART2_UART_Init
    main.o(i.main) refers to tim.o(i.MX_TIM1_Init) for MX_TIM1_Init
    main.o(i.main) refers to tim.o(i.MX_TIM2_Init) for MX_TIM2_Init
    main.o(i.main) refers to tim.o(i.MX_TIM3_Init) for MX_TIM3_Init
    main.o(i.main) refers to tim.o(i.MX_TIM4_Init) for MX_TIM4_Init
    main.o(i.main) refers to spi.o(i.MX_SPI1_Init) for MX_SPI1_Init
    main.o(i.main) refers to app_task.o(i.App_Task_FreeRTOSStart) for App_Task_FreeRTOSStart
    gpio.o(i.MX_GPIO_Init) refers to stm32f1xx_hal_gpio.o(i.HAL_GPIO_WritePin) for HAL_GPIO_WritePin
    gpio.o(i.MX_GPIO_Init) refers to stm32f1xx_hal_gpio.o(i.HAL_GPIO_Init) for HAL_GPIO_Init
    spi.o(i.Driver_SPI_SwapByte) refers to stm32f1xx_hal_spi.o(i.HAL_SPI_TransmitReceive) for HAL_SPI_TransmitReceive
    spi.o(i.Driver_SPI_SwapByte) refers to spi.o(.bss) for hspi1
    spi.o(i.HAL_SPI_MspDeInit) refers to stm32f1xx_hal_gpio.o(i.HAL_GPIO_DeInit) for HAL_GPIO_DeInit
    spi.o(i.HAL_SPI_MspInit) refers to stm32f1xx_hal_gpio.o(i.HAL_GPIO_Init) for HAL_GPIO_Init
    spi.o(i.MX_SPI1_Init) refers to stm32f1xx_hal_spi.o(i.HAL_SPI_Init) for HAL_SPI_Init
    spi.o(i.MX_SPI1_Init) refers to main.o(i.Error_Handler) for Error_Handler
    spi.o(i.MX_SPI1_Init) refers to spi.o(.bss) for hspi1
    tim.o(i.HAL_TIM_MspPostInit) refers to stm32f1xx_hal_gpio.o(i.HAL_GPIO_Init) for HAL_GPIO_Init
    tim.o(i.MX_TIM1_Init) refers to memseta.o(.text) for __aeabi_memclr4
    tim.o(i.MX_TIM1_Init) refers to stm32f1xx_hal_tim.o(i.HAL_TIM_Base_Init) for HAL_TIM_Base_Init
    tim.o(i.MX_TIM1_Init) refers to main.o(i.Error_Handler) for Error_Handler
    tim.o(i.MX_TIM1_Init) refers to stm32f1xx_hal_tim.o(i.HAL_TIM_ConfigClockSource) for HAL_TIM_ConfigClockSource
    tim.o(i.MX_TIM1_Init) refers to stm32f1xx_hal_tim.o(i.HAL_TIM_PWM_Init) for HAL_TIM_PWM_Init
    tim.o(i.MX_TIM1_Init) refers to stm32f1xx_hal_tim_ex.o(i.HAL_TIMEx_MasterConfigSynchronization) for HAL_TIMEx_MasterConfigSynchronization
    tim.o(i.MX_TIM1_Init) refers to stm32f1xx_hal_tim.o(i.HAL_TIM_PWM_ConfigChannel) for HAL_TIM_PWM_ConfigChannel
    tim.o(i.MX_TIM1_Init) refers to stm32f1xx_hal_tim_ex.o(i.HAL_TIMEx_ConfigBreakDeadTime) for HAL_TIMEx_ConfigBreakDeadTime
    tim.o(i.MX_TIM1_Init) refers to tim.o(i.HAL_TIM_MspPostInit) for HAL_TIM_MspPostInit
    tim.o(i.MX_TIM1_Init) refers to tim.o(.bss) for htim1
    tim.o(i.MX_TIM2_Init) refers to memseta.o(.text) for __aeabi_memclr4
    tim.o(i.MX_TIM2_Init) refers to stm32f1xx_hal_tim.o(i.HAL_TIM_Base_Init) for HAL_TIM_Base_Init
    tim.o(i.MX_TIM2_Init) refers to main.o(i.Error_Handler) for Error_Handler
    tim.o(i.MX_TIM2_Init) refers to stm32f1xx_hal_tim.o(i.HAL_TIM_ConfigClockSource) for HAL_TIM_ConfigClockSource
    tim.o(i.MX_TIM2_Init) refers to stm32f1xx_hal_tim.o(i.HAL_TIM_PWM_Init) for HAL_TIM_PWM_Init
    tim.o(i.MX_TIM2_Init) refers to stm32f1xx_hal_tim_ex.o(i.HAL_TIMEx_MasterConfigSynchronization) for HAL_TIMEx_MasterConfigSynchronization
    tim.o(i.MX_TIM2_Init) refers to stm32f1xx_hal_tim.o(i.HAL_TIM_PWM_ConfigChannel) for HAL_TIM_PWM_ConfigChannel
    tim.o(i.MX_TIM2_Init) refers to tim.o(i.HAL_TIM_MspPostInit) for HAL_TIM_MspPostInit
    tim.o(i.MX_TIM2_Init) refers to tim.o(.bss) for htim2
    tim.o(i.MX_TIM3_Init) refers to memseta.o(.text) for __aeabi_memclr4
    tim.o(i.MX_TIM3_Init) refers to stm32f1xx_hal_tim.o(i.HAL_TIM_Base_Init) for HAL_TIM_Base_Init
    tim.o(i.MX_TIM3_Init) refers to main.o(i.Error_Handler) for Error_Handler
    tim.o(i.MX_TIM3_Init) refers to stm32f1xx_hal_tim.o(i.HAL_TIM_ConfigClockSource) for HAL_TIM_ConfigClockSource
    tim.o(i.MX_TIM3_Init) refers to stm32f1xx_hal_tim.o(i.HAL_TIM_PWM_Init) for HAL_TIM_PWM_Init
    tim.o(i.MX_TIM3_Init) refers to stm32f1xx_hal_tim_ex.o(i.HAL_TIMEx_MasterConfigSynchronization) for HAL_TIMEx_MasterConfigSynchronization
    tim.o(i.MX_TIM3_Init) refers to stm32f1xx_hal_tim.o(i.HAL_TIM_PWM_ConfigChannel) for HAL_TIM_PWM_ConfigChannel
    tim.o(i.MX_TIM3_Init) refers to tim.o(i.HAL_TIM_MspPostInit) for HAL_TIM_MspPostInit
    tim.o(i.MX_TIM3_Init) refers to tim.o(.bss) for htim3
    tim.o(i.MX_TIM4_Init) refers to memseta.o(.text) for __aeabi_memclr4
[...]
    Removing stm32f1xx_hal_uart.o(i.UART_Start_Receive_IT), (64 bytes).
    Removing stm32f1xx_hal_uart.o(i.UART_Transmit_IT), (96 bytes).
    Removing system_stm32f1xx.o(.rev16_text), (4 bytes).
    Removing system_stm32f1xx.o(.revsh_text), (4 bytes).
    Removing system_stm32f1xx.o(.rrx_text), (6 bytes).
    Removing system_stm32f1xx.o(i.SystemCoreClockUpdate), (164 bytes).
    Removing app_task.o(.rev16_text), (4 bytes).
    Removing app_task.o(.revsh_text), (4 bytes).
    Removing app_task.o(.rrx_text), (6 bytes).
    Removing app_flight.o(.rev16_text), (4 bytes).
    Removing app_flight.o(.revsh_text), (4 bytes).
    Removing app_flight.o(.rrx_text), (6 bytes).
    Removing app_communication.o(.rev16_text), (4 bytes).
    Removing app_communication.o(.revsh_text), (4 bytes).
    Removing app_communication.o(.rrx_text), (6 bytes).
    Removing app_communication.o(i.App_Communication_Start), (492 bytes).
    Removing port.o(i.vPortEndScheduler), (2 bytes).
    Removing heap_4.o(i.pvPortCalloc), (54 bytes).
    Removing heap_4.o(i.vPortGetHeapStats), (128 bytes).
    Removing heap_4.o(i.vPortInitialiseBlocks), (2 bytes).
    Removing heap_4.o(i.xPortGetFreeHeapSize), (12 bytes).
    Removing heap_4.o(i.xPortGetMinimumEverFreeHeapSize), (12 bytes).
    Removing event_groups.o(i.prvTestWaitCondition), (30 bytes).
    Removing event_groups.o(i.uxEventGroupGetNumber), (14 bytes).
    Removing event_groups.o(i.vEventGroupClearBitsCallback), (16 bytes).
    Removing event_groups.o(i.vEventGroupDelete), (42 bytes).
    Removing event_groups.o(i.vEventGroupSetBitsCallback), (16 bytes).
    Removing event_groups.o(i.vEventGroupSetNumber), (4 bytes).
    Removing event_groups.o(i.xEventGroupClearBits), (32 bytes).
    Removing event_groups.o(i.xEventGroupCreate), (26 bytes).
    Removing event_groups.o(i.xEventGroupGetBitsFromISR), (44 bytes).
    Removing event_groups.o(i.xEventGroupSetBits), (146 bytes).
    Removing event_groups.o(i.xEventGroupSync), (168 bytes).
    Removing event_groups.o(i.xEventGroupWaitBits), (204 bytes).
    Removing queue.o(i.prvCopyDataFromQueue), (42 bytes).
    Removing queue.o(i.prvCopyDataToQueue), (126 bytes).
    Removing queue.o(i.prvGetDisinheritPriorityAfterTimeout), (20 bytes).
    Removing queue.o(i.prvInitialiseMutex), (30 bytes).
    Removing queue.o(i.prvInitialiseNewQueue), (42 bytes).
    Removing queue.o(i.prvIsQueueEmpty), (26 bytes).
    Removing queue.o(i.prvIsQueueFull), (30 bytes).
    Removing queue.o(i.prvUnlockQueue), (126 bytes).
    Removing queue.o(i.ucQueueGetQueueType), (8 bytes).
    Removing queue.o(i.uxQueueGetQueueNumber), (6 bytes).
    Removing queue.o(i.uxQueueMessagesWaiting), (18 bytes).
    Removing queue.o(i.uxQueueMessagesWaitingFromISR), (8 bytes).
    Removing queue.o(i.uxQueueSpacesAvailable), (24 bytes).
    Removing queue.o(i.vQueueDelete), (14 bytes).
    Removing queue.o(i.vQueueSetQueueNumber), (4 bytes).
    Removing queue.o(i.xQueueCreateCountingSemaphore), (34 bytes).
    Removing queue.o(i.xQueueCreateMutex), (34 bytes).
    Removing queue.o(i.xQueueGenericCreate), (76 bytes).
    Removing queue.o(i.xQueueGenericReset), (160 bytes).
    Removing queue.o(i.xQueueGenericSend), (280 bytes).
    Removing queue.o(i.xQueueGenericSendFromISR), (152 bytes).
    Removing queue.o(i.xQueueGiveFromISR), (132 bytes).
    Removing queue.o(i.xQueueIsQueueEmptyFromISR), (16 bytes).
    Removing queue.o(i.xQueueIsQueueFullFromISR), (22 bytes).
    Removing queue.o(i.xQueuePeek), (268 bytes).
    Removing queue.o(i.xQueuePeekFromISR), (74 bytes).
    Removing queue.o(i.xQueueReceive), (260 bytes).
    Removing queue.o(i.xQueueReceiveFromISR), (140 bytes).
    Removing queue.o(i.xQueueSemaphoreTake), (304 bytes).
    Removing stream_buffer.o(i.prvBytesInBuffer), (24 bytes).
    Removing stream_buffer.o(i.prvInitialiseNewStreamBuffer), (42 bytes).
    Removing stream_buffer.o(i.prvReadBytesFromBuffer), (76 bytes).
    Removing stream_buffer.o(i.prvReadMessageFromBuffer), (90 bytes).
    Removing stream_buffer.o(i.prvWriteBytesToBuffer), (76 bytes).
    Removing stream_buffer.o(i.prvWriteMessageToBuffer), (88 bytes).
    Removing stream_buffer.o(i.ucStreamBufferGetStreamBufferType), (10 bytes).
    Removing stream_buffer.o(i.uxStreamBufferGetStreamBufferNumber), (6 bytes).
    Removing stream_buffer.o(i.vStreamBufferDelete), (32 bytes).
    Removing stream_buffer.o(i.vStreamBufferSetStreamBufferNumber), (4 bytes).
    Removing stream_buffer.o(i.xStreamBufferBytesAvailable), (18 bytes).
    Removing stream_buffer.o(i.xStreamBufferGenericCreate), (82 bytes).
    Removing stream_buffer.o(i.xStreamBufferIsEmpty), (22 bytes).
    Removing stream_buffer.o(i.xStreamBufferIsFull), (40 bytes).
    Removing stream_buffer.o(i.xStreamBufferNextMessageLengthBytes), (52 bytes).
    Removing stream_buffer.o(i.xStreamBufferReceive), (176 bytes).
    Removing stream_buffer.o(i.xStreamBufferReceiveCompletedFromISR), (80 bytes).
    Removing stream_buffer.o(i.xStreamBufferReceiveFromISR), (132 bytes).
    Removing stream_buffer.o(i.xStreamBufferReset), (64 bytes).
    Removing stream_buffer.o(i.xStreamBufferSend), (226 bytes).
    Removing stream_buffer.o(i.xStreamBufferSendCompletedFromISR), (80 bytes).
    Removing stream_buffer.o(i.xStreamBufferSendFromISR), (134 bytes).
    Removing stream_buffer.o(i.xStreamBufferSetTriggerLevel), (26 bytes).
    Removing stream_buffer.o(i.xStreamBufferSpacesAvailable), (40 bytes).
    Removing tasks.o(i.eTaskGetState), (140 bytes).
    Removing tasks.o(i.pcTaskGetName), (24 bytes).
    Removing tasks.o(i.prvListTasksWithinSingleList), (106 bytes).
    Removing tasks.o(i.prvTaskCheckFreeStackSpace), (22 bytes).
    Removing tasks.o(i.prvTaskIsTaskSuspended), (64 bytes).
    Removing tasks.o(i.prvWriteNameToBuffer), (42 bytes).
    Removing tasks.o(i.pvTaskIncrementMutexHeldCount), (32 bytes).
    Removing tasks.o(i.ulTaskGenericNotifyValueClear), (64 bytes).
    Removing tasks.o(i.uxTaskGetNumberOfTasks), (12 bytes).
    Removing tasks.o(i.uxTaskGetSystemState), (176 bytes).
    Removing tasks.o(i.uxTaskGetTaskNumber), (14 bytes).
    Removing tasks.o(i.uxTaskPriorityGet), (36 bytes).
    Removing tasks.o(i.uxTaskPriorityGetFromISR), (56 bytes).
    Removing tasks.o(i.uxTaskResetEventItemValue), (28 bytes).
    Removing tasks.o(i.vTaskEndScheduler), (36 bytes).
    Removing tasks.o(i.vTaskGenericNotifyGiveFromISR), (336 bytes).
    Removing tasks.o(i.vTaskGetInfo), (132 bytes).
    Removing tasks.o(i.vTaskInternalSetTimeOutState), (24 bytes).
    Removing tasks.o(i.vTaskList), (220 bytes).
    Removing tasks.o(i.vTaskMissedYield), (12 bytes).
    Removing tasks.o(i.vTaskPlaceOnEventList), (32 bytes).
    Removing tasks.o(i.vTaskPlaceOnUnorderedEventList), (80 bytes).
    Removing tasks.o(i.vTaskPriorityDisinheritAfterTimeout), (212 bytes).
    Removing tasks.o(i.vTaskPrioritySet), (296 bytes).
    Removing tasks.o(i.vTaskRemoveFromUnorderedEventList), (208 bytes).
    Removing tasks.o(i.vTaskResume), (172 bytes).
    Removing tasks.o(i.vTaskSetTaskNumber), (8 bytes).
    Removing tasks.o(i.vTaskSetTimeOutState), (36 bytes).
    Removing tasks.o(i.vTaskSuspend), (216 bytes).
    Removing tasks.o(i.xTaskCatchUpTicks), (40 bytes).
    Removing tasks.o(i.xTaskCheckForTimeOut), (96 bytes).
    Removing tasks.o(i.xTaskGenericNotify), (332 bytes).
    Removing tasks.o(i.xTaskGenericNotifyFromISR), (504 bytes).
    Removing tasks.o(i.xTaskGenericNotifyStateClear), (64 bytes).
    Removing tasks.o(i.xTaskGenericNotifyWait), (172 bytes).
    Removing tasks.o(i.xTaskGetCurrentTaskHandle), (12 bytes).
    Removing tasks.o(i.xTaskGetTickCountFromISR), (12 bytes).
    Removing tasks.o(i.xTaskPriorityDisinherit), (172 bytes).
    Removing tasks.o(i.xTaskPriorityInherit), (236 bytes).
    Removing tasks.o(i.xTaskRemoveFromEventList), (264 bytes).
    Removing tasks.o(i.xTaskResumeFromISR), (216 bytes).
    Removing inf_led.o(.rev16_text), (4 bytes).
    Removing inf_led.o(.revsh_text), (4 bytes).
    Removing inf_led.o(.rrx_text), (6 bytes).
    Removing inf_ip5305t.o(.rev16_text), (4 bytes).
    Removing inf_ip5305t.o(.revsh_text), (4 bytes).
    Removing inf_ip5305t.o(.rrx_text), (6 bytes).
    Removing inf_motor.o(.rev16_text), (4 bytes).
    Removing inf_motor.o(.revsh_text), (4 bytes).
    Removing inf_motor.o(.rrx_text), (6 bytes).
    Removing inf_si24r1.o(.rev16_text), (4 bytes).
    Removing inf_si24r1.o(.revsh_text), (4 bytes).
    Removing inf_si24r1.o(.rrx_text), (6 bytes).
    Removing inf_si24r1.o(i.Inf_Si24R1_Check), (88 bytes).
    Removing inf_si24r1.o(i.Inf_Si24R1_RXMode), (92 bytes).
    Removing inf_si24r1.o(i.Inf_Si24R1_ReadBuf), (68 bytes).
    Removing inf_si24r1.o(i.Inf_Si24R1_ReadReg), (48 bytes).
    Removing inf_si24r1.o(i.Inf_Si24R1_RxPacket), (64 bytes).
    Removing inf_si24r1.o(i.Inf_Si24R1_TXMode), (108 bytes).
    Removing inf_si24r1.o(i.Inf_Si24R1_TxPacket), (104 bytes).
    Removing inf_si24r1.o(i.Inf_Si24R1_WriteBuf), (72 bytes).
    Removing inf_si24r1.o(i.Inf_Si24R1_WriteReg), (52 bytes).
    Removing inf_si24r1.o(.bss), (36 bytes).
    Removing inf_si24r1.o(.data), (12 bytes).
    Removing com_debug.o(.rev16_text), (4 bytes).
    Removing com_debug.o(.revsh_text), (4 bytes).
    Removing com_debug.o(.rrx_text), (6 bytes).
    Removing startup_stm32f103xb.o(HEAP), (512 bytes).
    Removing dadd.o(.text), (334 bytes).
    Removing dmul.o(.text), (228 bytes).
    Removing ddiv.o(.text), (222 bytes).
    Removing dfixul.o(.text), (48 bytes).
    Removing cdrcmple.o(.text), (48 bytes).
    Removing depilogue.o(.text), (186 bytes).

609 unused section(s) (total 52924 bytes) removed from the image.

==============================================================================

Image Symbol Table

    Local Symbols

    Symbol Name                              Value     Ov Type        Size  Object(Section)

    ../Core/Src/gpio.c                       0x00000000   Number         0  gpio.o ABSOLUTE
    ../Core/Src/main.c                       0x00000000   Number         0  main.o ABSOLUTE
    ../Core/Src/spi.c                        0x00000000   Number         0  spi.o ABSOLUTE
    ../Core/Src/stm32f1xx_hal_msp.c          0x00000000   Number         0  stm32f1xx_hal_msp.o ABSOLUTE
    ../Core/Src/stm32f1xx_it.c               0x00000000   Number         0  stm32f1xx_it.o ABSOLUTE
    ../Core/Src/system_stm32f1xx.c           0x00000000   Number         0  system_stm32f1xx.o ABSOLUTE
    ../Core/Src/tim.c                        0x00000000   Number         0  tim.o ABSOLUTE
    ../Core/Src/usart.c                      0x00000000   Number         0  usart.o ABSOLUTE
    ../Drivers/STM32F1xx_HAL_Driver/Src/stm32f1xx_hal.c 0x00000000   Number         0  stm32f1xx_hal.o ABSOLUTE
    ../Drivers/STM32F1xx_HAL_Driver/Src/stm32f1xx_hal_cortex.c 0x00000000   Number         0  stm32f1xx_hal_cortex.o ABSOLUTE
    ../Drivers/STM32F1xx_HAL_Driver/Src/stm32f1xx_hal_dma.c 0x00000000   Number         0  stm32f1xx_hal_dma.o ABSOLUTE
    ../Drivers/STM32F1xx_HAL_Driver/Src/stm32f1xx_hal_exti.c 0x00000000   Number         0  stm32f1xx_hal_exti.o ABSOLUTE
    ../Drivers/STM32F1xx_HAL_Driver/Src/stm32f1xx_hal_flash.c 0x00000000   Number         0  stm32f1xx_hal_flash.o ABSOLUTE
    ../Drivers/STM32F1xx_HAL_Driver/Src/stm32f1xx_hal_flash_ex.c 0x00000000   Number         0  stm32f1xx_hal_flash_ex.o ABSOLUTE
    ../Drivers/STM32F1xx_HAL_Driver/Src/stm32f1xx_hal_gpio.c 0x00000000   Number         0  stm32f1xx_hal_gpio.o ABSOLUTE
    ../Drivers/STM32F1xx_HAL_Driver/Src/stm32f1xx_hal_gpio_ex.c 0x00000000   Number         0  stm32f1xx_hal_gpio_ex.o ABSOLUTE
    ../Drivers/STM32F1xx_HAL_Driver/Src/stm32f1xx_hal_pwr.c 0x00000000   Number         0  stm32f1xx_hal_pwr.o ABSOLUTE
    ../Drivers/STM32F1xx_HAL_Driver/Src/stm32f1xx_hal_rcc.c 0x00000000   Number         0  stm32f1xx_hal_rcc.o ABSOLUTE
    ../Drivers/STM32F1xx_HAL_Driver/Src/stm32f1xx_hal_rcc_ex.c 0x00000000   Number         0  stm32f1xx_hal_rcc_ex.o ABSOLUTE
    ../Drivers/STM32F1xx_HAL_Driver/Src/stm32f1xx_hal_spi.c 0x00000000   Number         0  stm32f1xx_hal_spi.o ABSOLUTE
    ../Drivers/STM32F1xx_HAL_Driver/Src/stm32f1xx_hal_tim.c 0x00000000   Number         0  stm32f1xx_hal_tim.o ABSOLUTE
    ../Drivers/STM32F1xx_HAL_Driver/Src/stm32f1xx_hal_tim_ex.c 0x00000000   Number         0  stm32f1xx_hal_tim_ex.o ABSOLUTE
    ../Drivers/STM32F1xx_HAL_Driver/Src/stm32f1xx_hal_uart.c 0x00000000   Number         0  stm32f1xx_hal_uart.o ABSOLUTE
    ../clib/microlib/division.c              0x00000000   Number         0  uldiv.o ABSOLUTE
    ../clib/microlib/division.c              0x00000000   Number         0  uidiv.o ABSOLUTE
    ../clib/microlib/init/entry.s            0x00000000   Number         0  entry7b.o ABSOLUTE
    ../clib/microlib/init/entry.s            0x00000000   Number         0  entry8b.o ABSOLUTE
    ../clib/microlib/init/entry.s            0x00000000   Number         0  entry.o ABSOLUTE
    ../clib/microlib/init/entry.s            0x00000000   Number         0  entry7a.o ABSOLUTE
    ../clib/microlib/init/entry.s            0x00000000   Number         0  entry11b.o ABSOLUTE
    ../clib/microlib/init/entry.s            0x00000000   Number         0  entry11a.o ABSOLUTE
    ../clib/microlib/init/entry.s            0x00000000   Number         0  entry10b.o ABSOLUTE
    ../clib/microlib/init/entry.s            0x00000000   Number         0  entry8a.o ABSOLUTE
    ../clib/microlib/init/entry.s            0x00000000   Number         0  entry10a.o ABSOLUTE
    ../clib/microlib/init/entry.s            0x00000000   Number         0  entry9b.o ABSOLUTE
    ../clib/microlib/init/entry.s            0x00000000   Number         0  entry5.o ABSOLUTE
    ../clib/microlib/init/entry.s            0x00000000   Number         0  entry2.o ABSOLUTE
    ../clib/microlib/init/entry.s            0x00000000   Number         0  entry9a.o ABSOLUTE
    ../clib/microlib/longlong.c              0x00000000   Number         0  llsshr.o ABSOLUTE
    ../clib/microlib/longlong.c              0x00000000   Number         0  llushr.o ABSOLUTE
    ../clib/microlib/longlong.c              0x00000000   Number         0  llshl.o ABSOLUTE
    ../clib/microlib/printf/printf.c         0x00000000   Number         0  printf1.o ABSOLUTE
    ../clib/microlib/printf/printf.c         0x00000000   Number         0  printf7.o ABSOLUTE
    ../clib/microlib/printf/printf.c         0x00000000   Number         0  printf0.o ABSOLUTE
    ../clib/microlib/printf/printf.c         0x00000000   Number         0  printf8.o ABSOLUTE
    ../clib/microlib/printf/printf.c         0x00000000   Number         0  printf4.o ABSOLUTE
    ../clib/microlib/printf/printf.c         0x00000000   Number         0  printf3.o ABSOLUTE
    ../clib/microlib/printf/printf.c         0x00000000   Number         0  printf6.o ABSOLUTE
    ../clib/microlib/printf/printf.c         0x00000000   Number         0  printfa.o ABSOLUTE
    ../clib/microlib/printf/printf.c         0x00000000   Number         0  printf5.o ABSOLUTE
    ../clib/microlib/printf/printf.c         0x00000000   Number         0  printf2.o ABSOLUTE
    ../clib/microlib/printf/printf.c         0x00000000   Number         0  printfb.o ABSOLUTE
    ../clib/microlib/printf/stubs.s          0x00000000   Number         0  stubs.o ABSOLUTE
    ../clib/microlib/stdio/streams.c         0x00000000   Number         0  stdout.o ABSOLUTE
    ../clib/microlib/string/memcpy.c         0x00000000   Number         0  memcpyb.o ABSOLUTE
    ../clib/microlib/string/memcpy.c         0x00000000   Number         0  memcpya.o ABSOLUTE
    ../clib/microlib/string/memset.c         0x00000000   Number         0  memseta.o ABSOLUTE
    ../clib/microlib/string/strcpy.c         0x00000000   Number         0  strcpy.o ABSOLUTE
    ../clib/microlib/string/strlen.c         0x00000000   Number         0  strlen.o ABSOLUTE
    ../clib/microlib/string/strrchr.c        0x00000000   Number         0  strrchr.o ABSOLUTE
    ../clib/microlib/stubs.s                 0x00000000   Number         0  iusefp.o ABSOLUTE
    ../fplib/microlib/fpadd.c                0x00000000   Number         0  dadd.o ABSOLUTE
    ../fplib/microlib/fpdiv.c                0x00000000   Number         0  ddiv.o ABSOLUTE
    ../fplib/microlib/fpepilogue.c           0x00000000   Number         0  depilogue.o ABSOLUTE
    ../fplib/microlib/fpfix.c                0x00000000   Number         0  dfixul.o ABSOLUTE
    ../fplib/microlib/fpmul.c                0x00000000   Number         0  dmul.o ABSOLUTE
    ..\App\communication\App_Communication.c 0x00000000   Number         0  app_communication.o ABSOLUTE
    ..\App\flight\App_Flight.c               0x00000000   Number         0  app_flight.o ABSOLUTE
    ..\App\task\App_Task.c                   0x00000000   Number         0  app_task.o ABSOLUTE
    ..\Common\config\Com_Config.c            0x00000000   Number         0  com_config.o ABSOLUTE
    ..\Common\debug\Com_Debug.c              0x00000000   Number         0  com_debug.o ABSOLUTE
    ..\Core\Src\gpio.c                       0x00000000   Number         0  gpio.o ABSOLUTE
    ..\Core\Src\main.c                       0x00000000   Number         0  main.o ABSOLUTE
    ..\Core\Src\spi.c                        0x00000000   Number         0  spi.o ABSOLUTE
    ..\Core\Src\stm32f1xx_hal_msp.c          0x00000000   Number         0  stm32f1xx_hal_msp.o ABSOLUTE
    ..\Core\Src\stm32f1xx_it.c               0x00000000   Number         0  stm32f1xx_it.o ABSOLUTE
    ..\Core\Src\system_stm32f1xx.c           0x00000000   Number         0  system_stm32f1xx.o ABSOLUTE
    ..\Core\Src\tim.c                        0x00000000   Number         0  tim.o ABSOLUTE
    ..\Core\Src\usart.c                      0x00000000   Number         0  usart.o ABSOLUTE
    ..\Drivers\STM32F1xx_HAL_Driver\Src\stm32f1xx_hal.c 0x00000000   Number         0  stm32f1xx_hal.o ABSOLUTE
    ..\Drivers\STM32F1xx_HAL_Driver\Src\stm32f1xx_hal_cortex.c 0x00000000   Number         0  stm32f1xx_hal_cortex.o ABSOLUTE
    ..\Drivers\STM32F1xx_HAL_Driver\Src\stm32f1xx_hal_dma.c 0x00000000   Number         0  stm32f1xx_hal_dma.o ABSOLUTE
    ..\Drivers\STM32F1xx_HAL_Driver\Src\stm32f1xx_hal_exti.c 0x00000000   Number         0  stm32f1xx_hal_exti.o ABSOLUTE
    ..\Drivers\STM32F1xx_HAL_Driver\Src\stm32f1xx_hal_flash.c 0x00000000   Number         0  stm32f1xx_hal_flash.o ABSOLUTE
    ..\Drivers\STM32F1xx_HAL_Driver\Src\stm32f1xx_hal_flash_ex.c 0x00000000   Number         0  stm32f1xx_hal_flash_ex.o ABSOLUTE
    ..\Drivers\STM32F1xx_HAL_Driver\Src\stm32f1xx_hal_gpio.c 0x00000000   Number         0  stm32f1xx_hal_gpio.o ABSOLUTE
    ..\Drivers\STM32F1xx_HAL_Driver\Src\stm32f1xx_hal_gpio_ex.c 0x00000000   Number         0  stm32f1xx_hal_gpio_ex.o ABSOLUTE
    ..\Drivers\STM32F1xx_HAL_Driver\Src\stm32f1xx_hal_pwr.c 0x00000000   Number         0  stm32f1xx_hal_pwr.o ABSOLUTE
    ..\Drivers\STM32F1xx_HAL_Driver\Src\stm32f1xx_hal_rcc.c 0x00000000   Number         0  stm32f1xx_hal_rcc.o ABSOLUTE
    ..\Drivers\STM32F1xx_HAL_Driver\Src\stm32f1xx_hal_rcc_ex.c 0x00000000   Number         0  stm32f1xx_hal_rcc_ex.o ABSOLUTE
    ..\Drivers\STM32F1xx_HAL_Driver\Src\stm32f1xx_hal_spi.c 0x00000000   Number         0  stm32f1xx_hal_spi.o ABSOLUTE
    ..\Drivers\STM32F1xx_HAL_Driver\Src\stm32f1xx_hal_tim.c 0x00000000   Number         0  stm32f1xx_hal_tim.o ABSOLUTE
    ..\Drivers\STM32F1xx_HAL_Driver\Src\stm32f1xx_hal_tim_ex.c 0x00000000   Number         0  stm32f1xx_hal_tim_ex.o ABSOLUTE
    ..\Drivers\STM32F1xx_HAL_Driver\Src\stm32f1xx_hal_uart.c 0x00000000   Number         0  stm32f1xx_hal_uart.o ABSOLUTE
    ..\Inf\2_4g\Inf_Si24R1.c                 0x00000000   Number         0  inf_si24r1.o ABSOLUTE
    ..\Inf\led\Inf_LED.c                     0x00000000   Number         0  inf_led.o ABSOLUTE
    ..\Inf\motor\Inf_Motor.c                 0x00000000   Number         0  inf_motor.o ABSOLUTE
    ..\Inf\power\Inf_IP5305T.c               0x00000000   Number         0  inf_ip5305t.o ABSOLUTE
    ..\Mid\FreeRTOS\protable\ARM_CM3\port.c  0x00000000   Number         0  port.o ABSOLUTE
    ..\Mid\FreeRTOS\protable\MemMang\heap_4.c 0x00000000   Number         0  heap_4.o ABSOLUTE
    ..\Mid\FreeRTOS\source\croutine.c        0x00000000   Number         0  croutine.o ABSOLUTE
    ..\Mid\FreeRTOS\source\event_groups.c    0x00000000   Number         0  event_groups.o ABSOLUTE
    ..\Mid\FreeRTOS\source\list.c            0x00000000   Number         0  list.o ABSOLUTE
    ..\Mid\FreeRTOS\source\queue.c           0x00000000   Number         0  queue.o ABSOLUTE
    ..\Mid\FreeRTOS\source\stream_buffer.c   0x00000000   Number         0  stream_buffer.o ABSOLUTE
    ..\Mid\FreeRTOS\source\tasks.c           0x00000000   Number         0  tasks.o ABSOLUTE
    ..\Mid\FreeRTOS\source\timers.c          0x00000000   Number         0  timers.o ABSOLUTE
    ..\\App\\communication\\App_Communication.c 0x00000000   Number         0  app_communication.o ABSOLUTE
    ..\\App\\flight\\App_Flight.c            0x00000000   Number         0  app_flight.o ABSOLUTE
    ..\\App\\task\\App_Task.c                0x00000000   Number         0  app_task.o ABSOLUTE
    ..\\Common\\debug\\Com_Debug.c           0x00000000   Number         0  com_debug.o ABSOLUTE
    ..\\Inf\\2_4g\\Inf_Si24R1.c              0x00000000   Number         0  inf_si24r1.o ABSOLUTE
    ..\\Inf\\led\\Inf_LED.c                  0x00000000   Number         0  inf_led.o ABSOLUTE
    ..\\Inf\\motor\\Inf_Motor.c              0x00000000   Number         0  inf_motor.o ABSOLUTE
    ..\\Inf\\power\\Inf_IP5305T.c            0x00000000   Number         0  inf_ip5305t.o ABSOLUTE
    ..\\Mid\\FreeRTOS\\protable\\ARM_CM3\\port.c 0x00000000   Number         0  port.o ABSOLUTE
    cdrcmple.s                               0x00000000   Number         0  cdrcmple.o ABSOLUTE
    dc.s                                     0x00000000   Number         0  dc.o ABSOLUTE
    handlers.s                               0x00000000   Number         0  handlers.o ABSOLUTE
    init.s                                   0x00000000   Number         0  init.o ABSOLUTE
    startup_stm32f103xb.s                    0x00000000   Number         0  startup_stm32f103xb.o ABSOLUTE
    RESET                                    0x08000000   Section      236  startup_stm32f103xb.o(RESET)
    .ARM.Collect$$$$00000000                 0x080000ec   Section        0  entry.o(.ARM.Collect$$$$00000000)
    .ARM.Collect$$$$00000001                 0x080000ec   Section        4  entry2.o(.ARM.Collect$$$$00000001)
    .ARM.Collect$$$$00000004                 0x080000f0   Section        4  entry5.o(.ARM.Collect$$$$00000004)
    .ARM.Collect$$$$00000008                 0x080000f4   Section        0  entry7b.o(.ARM.Collect$$$$00000008)
    .ARM.Collect$$$$0000000A                 0x080000f4   Section        0  entry8b.o(.ARM.Collect$$$$0000000A)
    .ARM.Collect$$$$0000000B                 0x080000f4   Section        8  entry9a.o(.ARM.Collect$$$$0000000B)
    .ARM.Collect$$$$0000000D                 0x080000fc   Section        0  entry10a.o(.ARM.Collect$$$$0000000D)
    .ARM.Collect$$$$0000000F                 0x080000fc   Section        0  entry11a.o(.ARM.Collect$$$$0000000F)
    .ARM.Collect$$$$00002712                 0x080000fc   Section        4  entry2.o(.ARM.Collect$$$$00002712)
    __lit__00000000                          0x080000fc   Data           4  entry2.o(.ARM.Collect$$$$00002712)
    .emb_text                                0x08000100   Section      150  port.o(.emb_text)
    .text                                    0x08000198   Section       36  startup_stm32f103xb.o(.text)
    .text                                    0x080001bc   Section        0  memseta.o(.text)
    .text                                    0x080001e0   Section        0  strrchr.o(.text)
    .text                                    0x08000200   Section        0  uidiv.o(.text)
    .text                                    0x0800022c   Section       36  init.o(.text)
    i.App_Flight_Start                       0x08000250   Section        0  app_flight.o(i.App_Flight_Start)
    i.App_Task_FreeRTOSStart                 0x08000308   Section        0  app_task.o(i.App_Task_FreeRTOSStart)
    i.BusFault_Handler                       0x08000458   Section        0  stm32f1xx_it.o(i.BusFault_Handler)
    i.Com_Debug_Start                        0x0800045c   Section        0  com_debug.o(i.Com_Debug_Start)
    i.DebugMon_Handler                       0x0800045e   Section        0  stm32f1xx_it.o(i.DebugMon_Handler)
    i.Error_Handler                          0x08000460   Section        0  main.o(i.Error_Handler)
    i.HAL_GPIO_Init                          0x08000468   Section        0  stm32f1xx_hal_gpio.o(i.HAL_GPIO_Init)
    i.HAL_GPIO_TogglePin                     0x08000788   Section        0  stm32f1xx_hal_gpio.o(i.HAL_GPIO_TogglePin)
    i.HAL_GPIO_WritePin                      0x0800079c   Section        0  stm32f1xx_hal_gpio.o(i.HAL_GPIO_WritePin)
    i.HAL_GetTick                            0x080007a8   Section        0  stm32f1xx_hal.o(i.HAL_GetTick)
    i.HAL_IncTick                            0x080007b4   Section        0  stm32f1xx_hal.o(i.HAL_IncTick)
    i.HAL_Init                               0x080007cc   Section        0  stm32f1xx_hal.o(i.HAL_Init)
    i.HAL_InitTick                           0x080007f4   Section        0  stm32f1xx_hal.o(i.HAL_InitTick)
    i.HAL_MspInit                            0x08000840   Section        0  stm32f1xx_hal_msp.o(i.HAL_MspInit)
    i.HAL_NVIC_SetPriority                   0x08000894   Section        0  stm32f1xx_hal_cortex.o(i.HAL_NVIC_SetPriority)
    i.HAL_NVIC_SetPriorityGrouping           0x08000910   Section        0  stm32f1xx_hal_cortex.o(i.HAL_NVIC_SetPriorityGrouping)
    i.HAL_RCC_ClockConfig                    0x08000938   Section        0  stm32f1xx_hal_rcc.o(i.HAL_RCC_ClockConfig)
    i.HAL_RCC_GetHCLKFreq                    0x08000ac4   Section        0  stm32f1xx_hal_rcc.o(i.HAL_RCC_GetHCLKFreq)
    i.HAL_RCC_GetPCLK1Freq                   0x08000ad0   Section        0  stm32f1xx_hal_rcc.o(i.HAL_RCC_GetPCLK1Freq)
    i.HAL_RCC_GetPCLK2Freq                   0x08000af0   Section        0  stm32f1xx_hal_rcc.o(i.HAL_RCC_GetPCLK2Freq)
    i.HAL_RCC_GetSysClockFreq                0x08000b10   Section        0  stm32f1xx_hal_rcc.o(i.HAL_RCC_GetSysClockFreq)
    i.HAL_RCC_OscConfig                      0x08000b80   Section        0  stm32f1xx_hal_rcc.o(i.HAL_RCC_OscConfig)
    i.HAL_SPI_Init                           0x08000fe4   Section        0  stm32f1xx_hal_spi.o(i.HAL_SPI_Init)
    i.HAL_SPI_MspInit                        0x080010a4   Section        0  spi.o(i.HAL_SPI_MspInit)
    i.HAL_SYSTICK_Config                     0x08001128   Section        0  stm32f1xx_hal_cortex.o(i.HAL_SYSTICK_Config)
    i.HAL_TIMEx_ConfigBreakDeadTime          0x0800115c   Section        0  stm32f1xx_hal_tim_ex.o(i.HAL_TIMEx_ConfigBreakDeadTime)
    i.HAL_TIMEx_MasterConfigSynchronization  0x080011d0   Section        0  stm32f1xx_hal_tim_ex.o(i.HAL_TIMEx_MasterConfigSynchronization)
    i.HAL_TIM_Base_Init                      0x08001254   Section        0  stm32f1xx_hal_tim.o(i.HAL_TIM_Base_Init)
    i.HAL_TIM_Base_MspInit                   0x080012bc   Section        0  tim.o(i.HAL_TIM_Base_MspInit)
    i.HAL_TIM_ConfigClockSource              0x08001360   Section        0  stm32f1xx_hal_tim.o(i.HAL_TIM_ConfigClockSource)
    i.HAL_TIM_MspPostInit                    0x0800146c   Section        0  tim.o(i.HAL_TIM_MspPostInit)
    i.HAL_TIM_PWM_ConfigChannel              0x0800158c   Section        0  stm32f1xx_hal_tim.o(i.HAL_TIM_PWM_ConfigChannel)
    i.HAL_TIM_PWM_Init                       0x08001690   Section        0  stm32f1xx_hal_tim.o(i.HAL_TIM_PWM_Init)
    i.HAL_TIM_PWM_MspInit                    0x080016f6   Section        0  stm32f1xx_hal_tim.o(i.HAL_TIM_PWM_MspInit)
    i.HAL_TIM_PWM_Start                      0x080016f8   Section        0  stm32f1xx_hal_tim.o(i.HAL_TIM_PWM_Start)
    i.HAL_UART_Init                          0x080017cc   Section        0  stm32f1xx_hal_uart.o(i.HAL_UART_Init)
    i.HAL_UART_MspInit                       0x08001844   Section        0  usart.o(i.HAL_UART_MspInit)
    i.HAL_UART_Transmit                      0x080018c8   Section        0  stm32f1xx_hal_uart.o(i.HAL_UART_Transmit)
    i.HardFault_Handler                      0x08001986   Section        0  stm32f1xx_it.o(i.HardFault_Handler)
    i.Inf_IP5305T_Close                      0x0800198a   Section        0  inf_ip5305t.o(i.Inf_IP5305T_Close)
    i.Inf_IP5305T_Open                       0x0800199e   Section        0  inf_ip5305t.o(i.Inf_IP5305T_Open)
    i.Inf_IP5305T_ShortPress                 0x080019a8   Section        0  inf_ip5305t.o(i.Inf_IP5305T_ShortPress)
    Inf_IP5305T_ShortPress                   0x080019a9   Thumb Code    30  inf_ip5305t.o(i.Inf_IP5305T_ShortPress)
    i.Inf_LED_SetStatus                      0x080019cc   Section        0  inf_led.o(i.Inf_LED_SetStatus)
    i.Inf_MOtor_SetSpeed                     0x08001a6c   Section        0  inf_motor.o(i.Inf_MOtor_SetSpeed)
    i.Inf_Motor_AllMotorsWork                0x08001ae4   Section        0  inf_motor.o(i.Inf_Motor_AllMotorsWork)
    i.Inf_Motor_Init                         0x08001b10   Section        0  inf_motor.o(i.Inf_Motor_Init)
    i.MX_GPIO_Init                           0x08001b6c   Section        0  gpio.o(i.MX_GPIO_Init)
    i.MX_SPI1_Init                           0x08001c84   Section        0  spi.o(i.MX_SPI1_Init)
    i.MX_TIM1_Init                           0x08001cc8   Section        0  tim.o(i.MX_TIM1_Init)
    i.MX_TIM2_Init                           0x08001da4   Section        0  tim.o(i.MX_TIM2_Init)
    i.MX_TIM3_Init                           0x08001e48   Section        0  tim.o(i.MX_TIM3_Init)
    i.MX_TIM4_Init                           0x08001eec   Section        0  tim.o(i.MX_TIM4_Init)
    i.MX_USART2_UART_Init                    0x08001f90   Section        0  usart.o(i.MX_USART2_UART_Init)
    i.MemManage_Handler                      0x08001fc8   Section        0  stm32f1xx_it.o(i.MemManage_Handler)
    i.NMI_Handler                            0x08001fcc   Section        0  stm32f1xx_it.o(i.NMI_Handler)
    i.RCC_Delay                              0x08001fd0   Section        0  stm32f1xx_hal_rcc.o(i.RCC_Delay)
    RCC_Delay                                0x08001fd1   Thumb Code    36  stm32f1xx_hal_rcc.o(i.RCC_Delay)
    i.SysTick_Handler                        0x08001ff8   Section        0  stm32f1xx_it.o(i.SysTick_Handler)
    i.SystemClock_Config                     0x0800200c   Section        0  main.o(i.SystemClock_Config)
    i.SystemInit                             0x08002072   Section        0  system_stm32f1xx.o(i.SystemInit)
    i.TIM_Base_SetConfig                     0x08002074   Section        0  stm32f1xx_hal_tim.o(i.TIM_Base_SetConfig)
    i.TIM_CCxChannelCmd                      0x080020f8   Section        0  stm32f1xx_hal_tim.o(i.TIM_CCxChannelCmd)
    i.TIM_ETR_SetConfig                      0x0800211a   Section        0  stm32f1xx_hal_tim.o(i.TIM_ETR_SetConfig)
    i.TIM_ITRx_SetConfig                     0x08002130   Section        0  stm32f1xx_hal_tim.o(i.TIM_ITRx_SetConfig)
    TIM_ITRx_SetConfig                       0x08002131   Thumb Code    18  stm32f1xx_hal_tim.o(i.TIM_ITRx_SetConfig)
    i.TIM_OC1_SetConfig                      0x08002144   Section        0  stm32f1xx_hal_tim.o(i.TIM_OC1_SetConfig)
    TIM_OC1_SetConfig                        0x08002145   Thumb Code    90  stm32f1xx_hal_tim.o(i.TIM_OC1_SetConfig)
    i.TIM_OC2_SetConfig                      0x080021a4   Section        0  stm32f1xx_hal_tim.o(i.TIM_OC2_SetConfig)
    i.TIM_OC3_SetConfig                      0x0800220c   Section        0  stm32f1xx_hal_tim.o(i.TIM_OC3_SetConfig)
    TIM_OC3_SetConfig                        0x0800220d   Thumb Code    98  stm32f1xx_hal_tim.o(i.TIM_OC3_SetConfig)
    i.TIM_OC4_SetConfig                      0x08002274   Section        0  stm32f1xx_hal_tim.o(i.TIM_OC4_SetConfig)
    TIM_OC4_SetConfig                        0x08002275   Thumb Code    68  stm32f1xx_hal_tim.o(i.TIM_OC4_SetConfig)
    i.TIM_TI1_ConfigInputStage               0x080022bc   Section        0  stm32f1xx_hal_tim.o(i.TIM_TI1_ConfigInputStage)
    TIM_TI1_ConfigInputStage                 0x080022bd   Thumb Code    38  stm32f1xx_hal_tim.o(i.TIM_TI1_ConfigInputStage)
    i.TIM_TI2_ConfigInputStage               0x080022e2   Section        0  stm32f1xx_hal_tim.o(i.TIM_TI2_ConfigInputStage)
    TIM_TI2_ConfigInputStage                 0x080022e3   Thumb Code    40  stm32f1xx_hal_tim.o(i.TIM_TI2_ConfigInputStage)
    i.UART_EndRxTransfer                     0x0800230a   Section        0  stm32f1xx_hal_uart.o(i.UART_EndRxTransfer)
    UART_EndRxTransfer                       0x0800230b   Thumb Code   108  stm32f1xx_hal_uart.o(i.UART_EndRxTransfer)
    i.UART_SetConfig                         0x08002378   Section        0  stm32f1xx_hal_uart.o(i.UART_SetConfig)
    UART_SetConfig                           0x08002379   Thumb Code   248  stm32f1xx_hal_uart.o(i.UART_SetConfig)
    i.UART_WaitOnFlagUntilTimeout            0x08002474   Section        0  stm32f1xx_hal_uart.o(i.UART_WaitOnFlagUntilTimeout)
    UART_WaitOnFlagUntilTimeout              0x08002475   Thumb Code   140  stm32f1xx_hal_uart.o(i.UART_WaitOnFlagUntilTimeout)
    i.UsageFault_Handler                     0x08002500   Section        0  stm32f1xx_it.o(i.UsageFault_Handler)
    i.__0printf$6                            0x08002504   Section        0  printf6.o(i.__0printf$6)
    i.__NVIC_GetPriorityGrouping             0x08002524   Section        0  stm32f1xx_hal_cortex.o(i.__NVIC_GetPriorityGrouping)
    __NVIC_GetPriorityGrouping               0x08002525   Thumb Code    10  stm32f1xx_hal_cortex.o(i.__NVIC_GetPriorityGrouping)
    i.__NVIC_SetPriority                     0x08002534   Section        0  stm32f1xx_hal_cortex.o(i.__NVIC_SetPriority)
    __NVIC_SetPriority                       0x08002535   Thumb Code    32  stm32f1xx_hal_cortex.o(i.__NVIC_SetPriority)
    i.__scatterload_copy                     0x0800255c   Section       14  handlers.o(i.__scatterload_copy)
    i.__scatterload_null                     0x0800256a   Section        2  handlers.o(i.__scatterload_null)
    i.__scatterload_zeroinit                 0x0800256c   Section       14  handlers.o(i.__scatterload_zeroinit)
    i._printf_core                           0x0800257c   Section        0  printf6.o(i._printf_core)
    _printf_core                             0x0800257d   Thumb Code   748  printf6.o(i._printf_core)
    i._printf_post_padding                   0x0800286c   Section        0  printf6.o(i._printf_post_padding)
    _printf_post_padding                     0x0800286d   Thumb Code    36  printf6.o(i._printf_post_padding)
    i._printf_pre_padding                    0x08002890   Section        0  printf6.o(i._printf_pre_padding)
    _printf_pre_padding                      0x08002891   Thumb Code    46  printf6.o(i._printf_pre_padding)
    i.communicationTask                      0x080028c0   Section        0  app_task.o(i.communicationTask)
    i.flightTask                             0x08002940   Section        0  app_task.o(i.flightTask)
    i.fputc                                  0x080029e4   Section        0  com_debug.o(i.fputc)
    i.ledTask                                0x08002a00   Section        0  app_task.o(i.ledTask)
    i.main                                   0x08002b68   Section        0  main.o(i.main)
    i.powerTask                              0x08002b94   Section        0  app_task.o(i.powerTask)
    i.prvAddCurrentTaskToDelayedList         0x08002c98   Section        0  tasks.o(i.prvAddCurrentTaskToDelayedList)
    prvAddCurrentTaskToDelayedList           0x08002c99   Thumb Code   164  tasks.o(i.prvAddCurrentTaskToDelayedList)
    i.prvAddNewTaskToReadyList               0x08002d58   Section        0  tasks.o(i.prvAddNewTaskToReadyList)
    prvAddNewTaskToReadyList                 0x08002d59   Thumb Code   206  tasks.o(i.prvAddNewTaskToReadyList)
    i.prvCheckTasksWaitingTermination        0x08002e44   Section        0  tasks.o(i.prvCheckTasksWaitingTermination)
    prvCheckTasksWaitingTermination          0x08002e45   Thumb Code    60  tasks.o(i.prvCheckTasksWaitingTermination)
    i.prvDeleteTCB                           0x08002e8c   Section        0  tasks.o(i.prvDeleteTCB)
    prvDeleteTCB                             0x08002e8d   Thumb Code    18  tasks.o(i.prvDeleteTCB)
    i.prvHeapInit                            0x08002ea0   Section        0  heap_4.o(i.prvHeapInit)
    prvHeapInit                              0x08002ea1   Thumb Code    90  heap_4.o(i.prvHeapInit)
    i.prvIdleTask                            0x08002f10   Section        0  tasks.o(i.prvIdleTask)
    prvIdleTask                              0x08002f11   Thumb Code    32  tasks.o(i.prvIdleTask)
    i.prvInitialiseNewTask                   0x08002f38   Section        0  tasks.o(i.prvInitialiseNewTask)
    prvInitialiseNewTask                     0x08002f39   Thumb Code   134  tasks.o(i.prvInitialiseNewTask)
    i.prvInitialiseTaskLists                 0x08002fc0   Section        0  tasks.o(i.prvInitialiseTaskLists)
    prvInitialiseTaskLists                   0x08002fc1   Thumb Code    70  tasks.o(i.prvInitialiseTaskLists)
    i.prvInsertBlockIntoFreeList             0x08003028   Section        0  heap_4.o(i.prvInsertBlockIntoFreeList)
    prvInsertBlockIntoFreeList               0x08003029   Thumb Code    96  heap_4.o(i.prvInsertBlockIntoFreeList)
    i.prvResetNextTaskUnblockTime            0x08003090   Section        0  tasks.o(i.prvResetNextTaskUnblockTime)
    prvResetNextTaskUnblockTime              0x08003091   Thumb Code    40  tasks.o(i.prvResetNextTaskUnblockTime)
    i.prvTaskExitError                       0x080030c0   Section        0  port.o(i.prvTaskExitError)
    prvTaskExitError                         0x080030c1   Thumb Code    22  port.o(i.prvTaskExitError)
    i.pvPortMalloc                           0x080030d8   Section        0  heap_4.o(i.pvPortMalloc)
    i.pxPortInitialiseStack                  0x080031bc   Section        0  port.o(i.pxPortInitialiseStack)
    i.startTask                              0x080031e0   Section        0  app_task.o(i.startTask)
    i.ulTaskGenericNotifyTake                0x08003338   Section        0  tasks.o(i.ulTaskGenericNotifyTake)
    i.uxListRemove                           0x080033c0   Section        0  list.o(i.uxListRemove)
    i.vListInitialise                        0x080033e8   Section        0  list.o(i.vListInitialise)
    i.vListInitialiseItem                    0x08003402   Section        0  list.o(i.vListInitialiseItem)
    i.vListInsert                            0x08003408   Section        0  list.o(i.vListInsert)
    i.vListInsertEnd                         0x0800343c   Section        0  list.o(i.vListInsertEnd)
    i.vPortEnterCritical                     0x08003454   Section        0  port.o(i.vPortEnterCritical)
    i.vPortExitCritical                      0x08003478   Section        0  port.o(i.vPortExitCritical)
    i.vPortFree                              0x08003498   Section        0  heap_4.o(i.vPortFree)
    i.vPortSetupTimerInterrupt               0x080034e4   Section        0  port.o(i.vPortSetupTimerInterrupt)
    i.vTaskDelay                             0x080034fc   Section        0  tasks.o(i.vTaskDelay)
    i.vTaskDelete                            0x08003530   Section        0  tasks.o(i.vTaskDelete)
    i.vTaskStartScheduler                    0x08003604   Section        0  tasks.o(i.vTaskStartScheduler)
    i.vTaskSuspendAll                        0x08003670   Section        0  tasks.o(i.vTaskSuspendAll)
    i.vTaskSwitchContext                     0x08003680   Section        0  tasks.o(i.vTaskSwitchContext)
    i.xPortStartScheduler                    0x080036e0   Section        0  port.o(i.xPortStartScheduler)
    i.xPortSysTickHandler                    0x08003714   Section        0  port.o(i.xPortSysTickHandler)
    i.xTaskCreate                            0x08003748   Section        0  tasks.o(i.xTaskCreate)
    i.xTaskDelayUntil                        0x080037b0   Section        0  tasks.o(i.xTaskDelayUntil)
    i.xTaskGetSchedulerState                 0x08003824   Section        0  tasks.o(i.xTaskGetSchedulerState)
    i.xTaskGetTickCount                      0x08003844   Section        0  tasks.o(i.xTaskGetTickCount)
    i.xTaskIncrementTick                     0x08003850   Section        0  tasks.o(i.xTaskIncrementTick)
    i.xTaskResumeAll                         0x080039e0   Section        0  tasks.o(i.xTaskResumeAll)
    .constdata                               0x08003b3c   Section       18  stm32f1xx_hal_rcc.o(.constdata)
    aPLLMULFactorTable                       0x08003b3c   Data          16  stm32f1xx_hal_rcc.o(.constdata)
    aPredivFactorTable                       0x08003b4c   Data           2  stm32f1xx_hal_rcc.o(.constdata)
    .constdata                               0x08003b4e   Section       24  system_stm32f1xx.o(.constdata)
    .data                                    0x20000000   Section        9  stm32f1xx_hal.o(.data)
    .data                                    0x2000000c   Section        4  system_stm32f1xx.o(.data)
    .data                                    0x20000010   Section       20  app_task.o(.data)
    .data                                    0x20000024   Section        4  port.o(.data)
    uxCriticalNesting                        0x20000024   Data           4  port.o(.data)
    .data                                    0x20000028   Section       28  heap_4.o(.data)
    xStart                                   0x20000028   Data           8  heap_4.o(.data)
    pxEnd                                    0x20000030   Data           4  heap_4.o(.data)
    xFreeBytesRemaining                      0x20000034   Data           4  heap_4.o(.data)
    xMinimumEverFreeBytesRemaining           0x20000038   Data           4  heap_4.o(.data)
    xNumberOfSuccessfulAllocations           0x2000003c   Data           4  heap_4.o(.data)
    xNumberOfSuccessfulFrees                 0x20000040   Data           4  heap_4.o(.data)
    .data                                    0x20000044   Section       64  tasks.o(.data)
    pxDelayedTaskList                        0x20000048   Data           4  tasks.o(.data)
    pxOverflowDelayedTaskList                0x2000004c   Data           4  tasks.o(.data)
    uxDeletedTasksWaitingCleanUp             0x20000050   Data           4  tasks.o(.data)
    uxCurrentNumberOfTasks                   0x20000054   Data           4  tasks.o(.data)
    xTickCount                               0x20000058   Data           4  tasks.o(.data)
    uxTopReadyPriority                       0x2000005c   Data           4  tasks.o(.data)
    xSchedulerRunning                        0x20000060   Data           4  tasks.o(.data)
    xPendedTicks                             0x20000064   Data           4  tasks.o(.data)
    xYieldPending                            0x20000068   Data           4  tasks.o(.data)
    xNumOfOverflows                          0x2000006c   Data           4  tasks.o(.data)
    uxTaskNumber                             0x20000070   Data           4  tasks.o(.data)
    xNextTaskUnblockTime                     0x20000074   Data           4  tasks.o(.data)
    xIdleTaskHandle                          0x20000078   Data           4  tasks.o(.data)
    uxSchedulerSuspended                     0x20000080   Data           4  tasks.o(.data)
    .data                                    0x20000084   Section       28  com_config.o(.data)
    .data                                    0x200000a0   Section        4  stdout.o(.data)
    .bss                                     0x200000a4   Section       88  spi.o(.bss)
    .bss                                     0x200000fc   Section      288  tim.o(.bss)
    .bss                                     0x2000021c   Section       72  usart.o(.bss)
    .bss                                     0x20000264   Section    12288  heap_4.o(.bss)
    ucHeap                                   0x20000264   Data       12288  heap_4.o(.bss)
    .bss                                     0x20003264   Section      740  tasks.o(.bss)
    pxReadyTasksLists                        0x20003264   Data         640  tasks.o(.bss)
    xDelayedTaskList1                        0x200034e4   Data          20  tasks.o(.bss)
    xDelayedTaskList2                        0x200034f8   Data          20  tasks.o(.bss)
    xPendingReadyList                        0x2000350c   Data          20  tasks.o(.bss)
    xTasksWaitingTermination                 0x20003520   Data          20  tasks.o(.bss)
    xSuspendedTaskList                       0x20003534   Data          20  tasks.o(.bss)
    STACK                                    0x20003548   Section     2048  startup_stm32f103xb.o(STACK)

    Global Symbols

    Symbol Name                              Value     Ov Type        Size  Object(Section)

    BuildAttributes$$THM_ISAv4$P$D$K$B$S$PE$A:L22UL41UL21$X:L11$S22US41US21$IEEE1$IW$USESV6$~STKCKD$USESV7$~SHL$OSPACE$ROPI$EBA8$MICROLIB$REQ8$PRES8$EABIv2 0x00000000   Number         0  anon$$obj.o ABSOLUTE
    __ARM_use_no_argv                        0x00000000   Number         0  main.o ABSOLUTE
    _printf_a                                0x00000000   Number         0  stubs.o ABSOLUTE
    _printf_c                                0x00000000   Number         0  stubs.o ABSOLUTE
    _printf_charcount                        0x00000000   Number         0  stubs.o ABSOLUTE
    _printf_d                                0x00000000   Number         0  stubs.o ABSOLUTE
    _printf_e                                0x00000000   Number         0  stubs.o ABSOLUTE
    _printf_f                                0x00000000   Number         0  stubs.o ABSOLUTE
    _printf_flags                            0x00000000   Number         0  stubs.o ABSOLUTE
    _printf_fp_dec                           0x00000000   Number         0  stubs.o ABSOLUTE
    _printf_fp_hex                           0x00000000   Number         0  stubs.o ABSOLUTE
    _printf_g                                0x00000000   Number         0  stubs.o ABSOLUTE
    _printf_i                                0x00000000   Number         0  stubs.o ABSOLUTE
    _printf_int_dec                          0x00000000   Number         0  stubs.o ABSOLUTE
    _printf_l                                0x00000000   Number         0  stubs.o ABSOLUTE
    _printf_lc                               0x00000000   Number         0  stubs.o ABSOLUTE
    _printf_ll                               0x00000000   Number         0  stubs.o ABSOLUTE
    _printf_lld                              0x00000000   Number         0  stubs.o ABSOLUTE
    _printf_lli                              0x00000000   Number         0  stubs.o ABSOLUTE
    _printf_llo                              0x00000000   Number         0  stubs.o ABSOLUTE
    _printf_llu                              0x00000000   Number         0  stubs.o ABSOLUTE
    _printf_llx                              0x00000000   Number         0  stubs.o ABSOLUTE
    _printf_longlong_dec                     0x00000000   Number         0  stubs.o ABSOLUTE
    _printf_longlong_hex                     0x00000000   Number         0  stubs.o ABSOLUTE
    _printf_longlong_oct                     0x00000000   Number         0  stubs.o ABSOLUTE
    _printf_ls                               0x00000000   Number         0  stubs.o ABSOLUTE
    _printf_mbtowc                           0x00000000   Number         0  stubs.o ABSOLUTE
    _printf_n                                0x00000000   Number         0  stubs.o ABSOLUTE
    _printf_o                                0x00000000   Number         0  stubs.o ABSOLUTE
    _printf_p                                0x00000000   Number         0  stubs.o ABSOLUTE
    _printf_percent                          0x00000000   Number         0  stubs.o ABSOLUTE
    _printf_pre_padding                      0x00000000   Number         0  stubs.o ABSOLUTE
    _printf_return_value                     0x00000000   Number         0  stubs.o ABSOLUTE
    _printf_s                                0x00000000   Number         0  stubs.o ABSOLUTE
    _printf_sizespec                         0x00000000   Number         0  stubs.o ABSOLUTE
    _printf_str                              0x00000000   Number         0  stubs.o ABSOLUTE
    _printf_truncate_signed                  0x00000000   Number         0  stubs.o ABSOLUTE
    _printf_truncate_unsigned                0x00000000   Number         0  stubs.o ABSOLUTE
    _printf_u                                0x00000000   Number         0  stubs.o ABSOLUTE
    _printf_wc                               0x00000000   Number         0  stubs.o ABSOLUTE
    _printf_wctomb                           0x00000000   Number         0  stubs.o ABSOLUTE
    _printf_widthprec                        0x00000000   Number         0  stubs.o ABSOLUTE
    _printf_x                                0x00000000   Number         0  stubs.o ABSOLUTE
    __cpp_initialize__aeabi_                  - Undefined Weak Reference
    __cxa_finalize                            - Undefined Weak Reference
    __decompress                              - Undefined Weak Reference
    _clock_init                               - Undefined Weak Reference
    _microlib_exit                            - Undefined Weak Reference
    __Vectors_Size                           0x000000ec   Number         0  startup_stm32f103xb.o ABSOLUTE
    __Vectors                                0x08000000   Data           4  startup_stm32f103xb.o(RESET)
    __Vectors_End                            0x080000ec   Data           0  startup_stm32f103xb.o(RESET)
    __main                                   0x080000ed   Thumb Code     0  entry.o(.ARM.Collect$$$$00000000)
    _main_stk                                0x080000ed   Thumb Code     0  entry2.o(.ARM.Collect$$$$00000001)
    _main_scatterload                        0x080000f1   Thumb Code     0  entry5.o(.ARM.Collect$$$$00000004)
    __main_after_scatterload                 0x080000f5   Thumb Code     0  entry5.o(.ARM.Collect$$$$00000004)
    _main_clock                              0x080000f5   Thumb Code     0  entry7b.o(.ARM.Collect$$$$00000008)
    _main_cpp_init                           0x080000f5   Thumb Code     0  entry8b.o(.ARM.Collect$$$$0000000A)
    _main_init                               0x080000f5   Thumb Code     0  entry9a.o(.ARM.Collect$$$$0000000B)
    __rt_final_cpp                           0x080000fd   Thumb Code     0  entry10a.o(.ARM.Collect$$$$0000000D)
    __rt_final_exit                          0x080000fd   Thumb Code     0  entry11a.o(.ARM.Collect$$$$0000000F)
    SVC_Handler                              0x08000101   Thumb Code    32  port.o(.emb_text)
    __asm___6_port_c_39a90d8d__prvStartFirstTask 0x08000125   Thumb Code    28  port.o(.emb_text)
    PendSV_Handler                           0x08000145   Thumb Code    72  port.o(.emb_text)
    vPortGetIPSR                             0x08000191   Thumb Code     6  port.o(.emb_text)
    Reset_Handler                            0x08000199   Thumb Code     8  startup_stm32f103xb.o(.text)
    ADC1_2_IRQHandler                        0x080001b3   Thumb Code     0  startup_stm32f103xb.o(.text)
    CAN1_RX1_IRQHandler                      0x080001b3   Thumb Code     0  startup_stm32f103xb.o(.text)
    CAN1_SCE_IRQHandler                      0x080001b3   Thumb Code     0  startup_stm32f103xb.o(.text)
    DMA1_Channel1_IRQHandler                 0x080001b3   Thumb Code     0  startup_stm32f103xb.o(.text)
    DMA1_Channel2_IRQHandler                 0x080001b3   Thumb Code     0  startup_stm32f103xb.o(.text)
    DMA1_Channel3_IRQHandler                 0x080001b3   Thumb Code     0  startup_stm32f103xb.o(.text)
    DMA1_Channel4_IRQHandler                 0x080001b3   Thumb Code     0  startup_stm32f103xb.o(.text)
    DMA1_Channel5_IRQHandler                 0x080001b3   Thumb Code     0  startup_stm32f103xb.o(.text)
    DMA1_Channel6_IRQHandler                 0x080001b3   Thumb Code     0  startup_stm32f103xb.o(.text)
    DMA1_Channel7_IRQHandler                 0x080001b3   Thumb Code     0  startup_stm32f103xb.o(.text)
    EXTI0_IRQHandler                         0x080001b3   Thumb Code     0  startup_stm32f103xb.o(.text)
    EXTI15_10_IRQHandler                     0x080001b3   Thumb Code     0  startup_stm32f103xb.o(.text)
    EXTI1_IRQHandler                         0x080001b3   Thumb Code     0  startup_stm32f103xb.o(.text)
    EXTI2_IRQHandler                         0x080001b3   Thumb Code     0  startup_stm32f103xb.o(.text)
    EXTI3_IRQHandler                         0x080001b3   Thumb Code     0  startup_stm32f103xb.o(.text)
    EXTI4_IRQHandler                         0x080001b3   Thumb Code     0  startup_stm32f103xb.o(.text)
    EXTI9_5_IRQHandler                       0x080001b3   Thumb Code     0  startup_stm32f103xb.o(.text)
    FLASH_IRQHandler                         0x080001b3   Thumb Code     0  startup_stm32f103xb.o(.text)
    I2C1_ER_IRQHandler                       0x080001b3   Thumb Code     0  startup_stm32f103xb.o(.text)
    I2C1_EV_IRQHandler                       0x080001b3   Thumb Code     0  startup_stm32f103xb.o(.text)
    I2C2_ER_IRQHandler                       0x080001b3   Thumb Code     0  startup_stm32f103xb.o(.text)
    I2C2_EV_IRQHandler                       0x080001b3   Thumb Code     0  startup_stm32f103xb.o(.text)
    PVD_IRQHandler                           0x080001b3   Thumb Code     0  startup_stm32f103xb.o(.text)
    RCC_IRQHandler                           0x080001b3   Thumb Code     0  startup_stm32f103xb.o(.text)
    RTC_Alarm_IRQHandler                     0x080001b3   Thumb Code     0  startup_stm32f103xb.o(.text)
    RTC_IRQHandler                           0x080001b3   Thumb Code     0  startup_stm32f103xb.o(.text)
    SPI1_IRQHandler                          0x080001b3   Thumb Code     0  startup_stm32f103xb.o(.text)
    SPI2_IRQHandler                          0x080001b3   Thumb Code     0  startup_stm32f103xb.o(.text)
    TAMPER_IRQHandler                        0x080001b3   Thumb Code     0  startup_stm32f103xb.o(.text)
    TIM1_BRK_IRQHandler                      0x080001b3   Thumb Code     0  startup_stm32f103xb.o(.text)
    TIM1_CC_IRQHandler                       0x080001b3   Thumb Code     0  startup_stm32f103xb.o(.text)
    TIM1_TRG_COM_IRQHandler                  0x080001b3   Thumb Code     0  startup_stm32f103xb.o(.text)
    TIM1_UP_IRQHandler                       0x080001b3   Thumb Code     0  startup_stm32f103xb.o(.text)
    TIM2_IRQHandler                          0x080001b3   Thumb Code     0  startup_stm32f103xb.o(.text)
    TIM3_IRQHandler                          0x080001b3   Thumb Code     0  startup_stm32f103xb.o(.text)
    TIM4_IRQHandler                          0x080001b3   Thumb Code     0  startup_stm32f103xb.o(.text)
    USART1_IRQHandler                        0x080001b3   Thumb Code     0  startup_stm32f103xb.o(.text)
    USART2_IRQHandler                        0x080001b3   Thumb Code     0  startup_stm32f103xb.o(.text)
    USART3_IRQHandler                        0x080001b3   Thumb Code     0  startup_stm32f103xb.o(.text)
    USBWakeUp_IRQHandler                     0x080001b3   Thumb Code     0  startup_stm32f103xb.o(.text)
    USB_HP_CAN1_TX_IRQHandler                0x080001b3   Thumb Code     0  startup_stm32f103xb.o(.text)
    USB_LP_CAN1_RX0_IRQHandler               0x080001b3   Thumb Code     0  startup_stm32f103xb.o(.text)
    WWDG_IRQHandler                          0x080001b3   Thumb Code     0  startup_stm32f103xb.o(.text)
    __aeabi_memset                           0x080001bd   Thumb Code    14  memseta.o(.text)
    __aeabi_memset4                          0x080001bd   Thumb Code     0  memseta.o(.text)
    __aeabi_memset8                          0x080001bd   Thumb Code     0  memseta.o(.text)
    __aeabi_memclr                           0x080001cb   Thumb Code     4  memseta.o(.text)
    __aeabi_memclr4                          0x080001cb   Thumb Code     0  memseta.o(.text)
    __aeabi_memclr8                          0x080001cb   Thumb Code     0  memseta.o(.text)
    _memset$wrapper                          0x080001cf   Thumb Code    18  memseta.o(.text)
    strrchr                                  0x080001e1   Thumb Code    32  strrchr.o(.text)
    __aeabi_uidiv                            0x08000201   Thumb Code     0  uidiv.o(.text)
    __aeabi_uidivmod                         0x08000201   Thumb Code    44  uidiv.o(.text)
    __scatterload                            0x0800022d   Thumb Code    28  init.o(.text)
    __scatterload_rt2                        0x0800022d   Thumb Code     0  init.o(.text)
    App_Flight_Start                         0x08000251   Thumb Code    80  app_flight.o(i.App_Flight_Start)
    App_Task_FreeRTOSStart                   0x08000309   Thumb Code   152  app_task.o(i.App_Task_FreeRTOSStart)
    BusFault_Handler                         0x08000459   Thumb Code     4  stm32f1xx_it.o(i.BusFault_Handler)
    Com_Debug_Start                          0x0800045d   Thumb Code     2  com_debug.o(i.Com_Debug_Start)
    DebugMon_Handler                         0x0800045f   Thumb Code     2  stm32f1xx_it.o(i.DebugMon_Handler)
    Error_Handler                            0x08000461   Thumb Code     6  main.o(i.Error_Handler)
    HAL_GPIO_Init                            0x08000469   Thumb Code   766  stm32f1xx_hal_gpio.o(i.HAL_GPIO_Init)
    HAL_GPIO_TogglePin                       0x08000789   Thumb Code    20  stm32f1xx_hal_gpio.o(i.HAL_GPIO_TogglePin)
    HAL_GPIO_WritePin                        0x0800079d   Thumb Code    12  stm32f1xx_hal_gpio.o(i.HAL_GPIO_WritePin)
    HAL_GetTick                              0x080007a9   Thumb Code     6  stm32f1xx_hal.o(i.HAL_GetTick)
    HAL_IncTick                              0x080007b5   Thumb Code    16  stm32f1xx_hal.o(i.HAL_IncTick)
    HAL_Init                                 0x080007cd   Thumb Code    34  stm32f1xx_hal.o(i.HAL_Init)
    HAL_InitTick                             0x080007f5   Thumb Code    64  stm32f1xx_hal.o(i.HAL_InitTick)
    HAL_MspInit                              0x08000841   Thumb Code    76  stm32f1xx_hal_msp.o(i.HAL_MspInit)
    HAL_NVIC_SetPriority                     0x08000895   Thumb Code   124  stm32f1xx_hal_cortex.o(i.HAL_NVIC_SetPriority)
    HAL_NVIC_SetPriorityGrouping             0x08000911   Thumb Code    32  stm32f1xx_hal_cortex.o(i.HAL_NVIC_SetPriorityGrouping)
    HAL_RCC_ClockConfig                      0x08000939   Thumb Code   376  stm32f1xx_hal_rcc.o(i.HAL_RCC_ClockConfig)
    HAL_RCC_GetHCLKFreq                      0x08000ac5   Thumb Code     6  stm32f1xx_hal_rcc.o(i.HAL_RCC_GetHCLKFreq)
    HAL_RCC_GetPCLK1Freq                     0x08000ad1   Thumb Code    22  stm32f1xx_hal_rcc.o(i.HAL_RCC_GetPCLK1Freq)
    HAL_RCC_GetPCLK2Freq                     0x08000af1   Thumb Code    22  stm32f1xx_hal_rcc.o(i.HAL_RCC_GetPCLK2Freq)
    HAL_RCC_GetSysClockFreq                  0x08000b11   Thumb Code    92  stm32f1xx_hal_rcc.o(i.HAL_RCC_GetSysClockFreq)
    HAL_RCC_OscConfig                        0x08000b81   Thumb Code  1114  stm32f1xx_hal_rcc.o(i.HAL_RCC_OscConfig)
    HAL_SPI_Init                             0x08000fe5   Thumb Code   190  stm32f1xx_hal_spi.o(i.HAL_SPI_Init)
    HAL_SPI_MspInit                          0x080010a5   Thumb Code   120  spi.o(i.HAL_SPI_MspInit)
    HAL_SYSTICK_Config                       0x08001129   Thumb Code    52  stm32f1xx_hal_cortex.o(i.HAL_SYSTICK_Config)
    HAL_TIMEx_ConfigBreakDeadTime            0x0800115d   Thumb Code   116  stm32f1xx_hal_tim_ex.o(i.HAL_TIMEx_ConfigBreakDeadTime)
    HAL_TIMEx_MasterConfigSynchronization    0x080011d1   Thumb Code   118  stm32f1xx_hal_tim_ex.o(i.HAL_TIMEx_MasterConfigSynchronization)
    HAL_TIM_Base_Init                        0x08001255   Thumb Code   102  stm32f1xx_hal_tim.o(i.HAL_TIM_Base_Init)
    HAL_TIM_Base_MspInit                     0x080012bd   Thumb Code   148  tim.o(i.HAL_TIM_Base_MspInit)
    HAL_TIM_ConfigClockSource                0x08001361   Thumb Code   268  stm32f1xx_hal_tim.o(i.HAL_TIM_ConfigClockSource)
    HAL_TIM_MspPostInit                      0x0800146d   Thumb Code   260  tim.o(i.HAL_TIM_MspPostInit)
    HAL_TIM_PWM_ConfigChannel                0x0800158d   Thumb Code   260  stm32f1xx_hal_tim.o(i.HAL_TIM_PWM_ConfigChannel)
    HAL_TIM_PWM_Init                         0x08001691   Thumb Code   102  stm32f1xx_hal_tim.o(i.HAL_TIM_PWM_Init)
    HAL_TIM_PWM_MspInit                      0x080016f7   Thumb Code     2  stm32f1xx_hal_tim.o(i.HAL_TIM_PWM_MspInit)
    HAL_TIM_PWM_Start                        0x080016f9   Thumb Code   198  stm32f1xx_hal_tim.o(i.HAL_TIM_PWM_Start)
    HAL_UART_Init                            0x080017cd   Thumb Code   118  stm32f1xx_hal_uart.o(i.HAL_UART_Init)
    HAL_UART_MspInit                         0x08001845   Thumb Code   120  usart.o(i.HAL_UART_MspInit)
    HAL_UART_Transmit                        0x080018c9   Thumb Code   190  stm32f1xx_hal_uart.o(i.HAL_UART_Transmit)
    HardFault_Handler                        0x08001987   Thumb Code     4  stm32f1xx_it.o(i.HardFault_Handler)
    Inf_IP5305T_Close                        0x0800198b   Thumb Code    20  inf_ip5305t.o(i.Inf_IP5305T_Close)
    Inf_IP5305T_Open                         0x0800199f   Thumb Code     8  inf_ip5305t.o(i.Inf_IP5305T_Open)
    Inf_LED_SetStatus                        0x080019cd   Thumb Code   150  inf_led.o(i.Inf_LED_SetStatus)
    Inf_MOtor_SetSpeed                       0x08001a6d   Thumb Code   104  inf_motor.o(i.Inf_MOtor_SetSpeed)
    Inf_Motor_AllMotorsWork                  0x08001ae5   Thumb Code    28  inf_motor.o(i.Inf_Motor_AllMotorsWork)
    Inf_Motor_Init                           0x08001b11   Thumb Code    58  inf_motor.o(i.Inf_Motor_Init)
    MX_GPIO_Init                             0x08001b6d   Thumb Code   268  gpio.o(i.MX_GPIO_Init)
    MX_SPI1_Init                             0x08001c85   Thumb Code    60  spi.o(i.MX_SPI1_Init)
    MX_TIM1_Init                             0x08001cc9   Thumb Code   210  tim.o(i.MX_TIM1_Init)
    MX_TIM2_Init                             0x08001da5   Thumb Code   158  tim.o(i.MX_TIM2_Init)
    MX_TIM3_Init                             0x08001e49   Thumb Code   156  tim.o(i.MX_TIM3_Init)
    MX_TIM4_Init                             0x08001eed   Thumb Code   156  tim.o(i.MX_TIM4_Init)
    MX_USART2_UART_Init                      0x08001f91   Thumb Code    46  usart.o(i.MX_USART2_UART_Init)
    MemManage_Handler                        0x08001fc9   Thumb Code     4  stm32f1xx_it.o(i.MemManage_Handler)
    NMI_Handler                              0x08001fcd   Thumb Code     4  stm32f1xx_it.o(i.NMI_Handler)
    SysTick_Handler                          0x08001ff9   Thumb Code    20  stm32f1xx_it.o(i.SysTick_Handler)
    SystemClock_Config                       0x0800200d   Thumb Code   102  main.o(i.SystemClock_Config)
    SystemInit                               0x08002073   Thumb Code     2  system_stm32f1xx.o(i.SystemInit)
    TIM_Base_SetConfig                       0x08002075   Thumb Code   120  stm32f1xx_hal_tim.o(i.TIM_Base_SetConfig)
    TIM_CCxChannelCmd                        0x080020f9   Thumb Code    34  stm32f1xx_hal_tim.o(i.TIM_CCxChannelCmd)
    TIM_ETR_SetConfig                        0x0800211b   Thumb Code    22  stm32f1xx_hal_tim.o(i.TIM_ETR_SetConfig)
    TIM_OC2_SetConfig                        0x080021a5   Thumb Code   100  stm32f1xx_hal_tim.o(i.TIM_OC2_SetConfig)
    UsageFault_Handler                       0x08002501   Thumb Code     4  stm32f1xx_it.o(i.UsageFault_Handler)
    __0printf$6                              0x08002505   Thumb Code    22  printf6.o(i.__0printf$6)
    __1printf$6                              0x08002505   Thumb Code     0  printf6.o(i.__0printf$6)
    __2printf                                0x08002505   Thumb Code     0  printf6.o(i.__0printf$6)
    __scatterload_copy                       0x0800255d   Thumb Code    14  handlers.o(i.__scatterload_copy)
    __scatterload_null                       0x0800256b   Thumb Code     2  handlers.o(i.__scatterload_null)
    __scatterload_zeroinit                   0x0800256d   Thumb Code    14  handlers.o(i.__scatterload_zeroinit)
    communicationTask                        0x080028c1   Thumb Code    60  app_task.o(i.communicationTask)
    flightTask                               0x08002941   Thumb Code    82  app_task.o(i.flightTask)
    fputc                                    0x080029e5   Thumb Code    22  com_debug.o(i.fputc)
    ledTask                                  0x08002a01   Thumb Code   272  app_task.o(i.ledTask)
    main                                     0x08002b69   Thumb Code    44  main.o(i.main)
    powerTask                                0x08002b95   Thumb Code   142  app_task.o(i.powerTask)
    pvPortMalloc                             0x080030d9   Thumb Code   208  heap_4.o(i.pvPortMalloc)
    pxPortInitialiseStack                    0x080031bd   Thumb Code    30  port.o(i.pxPortInitialiseStack)
    startTask                                0x080031e1   Thumb Code   164  app_task.o(i.startTask)
    ulTaskGenericNotifyTake                  0x08003339   Thumb Code   128  tasks.o(i.ulTaskGenericNotifyTake)
    uxListRemove                             0x080033c1   Thumb Code    40  list.o(i.uxListRemove)
    vListInitialise                          0x080033e9   Thumb Code    26  list.o(i.vListInitialise)
    vListInitialiseItem                      0x08003403   Thumb Code     6  list.o(i.vListInitialiseItem)
    vListInsert                              0x08003409   Thumb Code    52  list.o(i.vListInsert)
    vListInsertEnd                           0x0800343d   Thumb Code    24  list.o(i.vListInsertEnd)
    vPortEnterCritical                       0x08003455   Thumb Code    30  port.o(i.vPortEnterCritical)
    vPortExitCritical                        0x08003479   Thumb Code    28  port.o(i.vPortExitCritical)
    vPortFree                                0x08003499   Thumb Code    68  heap_4.o(i.vPortFree)
    vPortSetupTimerInterrupt                 0x080034e5   Thumb Code    20  port.o(i.vPortSetupTimerInterrupt)
    vTaskDelay                               0x080034fd   Thumb Code    46  tasks.o(i.vTaskDelay)
    vTaskDelete                              0x08003531   Thumb Code   174  tasks.o(i.vTaskDelete)
    vTaskStartScheduler                      0x08003605   Thumb Code    76  tasks.o(i.vTaskStartScheduler)
    vTaskSuspendAll                          0x08003671   Thumb Code    12  tasks.o(i.vTaskSuspendAll)
    vTaskSwitchContext                       0x08003681   Thumb Code    76  tasks.o(i.vTaskSwitchContext)
    xPortStartScheduler                      0x080036e1   Thumb Code    42  port.o(i.xPortStartScheduler)
    xPortSysTickHandler                      0x08003715   Thumb Code    46  port.o(i.xPortSysTickHandler)
    xTaskCreate                              0x08003749   Thumb Code   104  tasks.o(i.xTaskCreate)
    xTaskDelayUntil                          0x080037b1   Thumb Code   108  tasks.o(i.xTaskDelayUntil)
    xTaskGetSchedulerState                   0x08003825   Thumb Code    24  tasks.o(i.xTaskGetSchedulerState)
    xTaskGetTickCount                        0x08003845   Thumb Code     6  tasks.o(i.xTaskGetTickCount)
    xTaskIncrementTick                       0x08003851   Thumb Code   356  tasks.o(i.xTaskIncrementTick)
    xTaskResumeAll                           0x080039e1   Thumb Code   310  tasks.o(i.xTaskResumeAll)
    AHBPrescTable                            0x08003b4e   Data          16  system_stm32f1xx.o(.constdata)
    APBPrescTable                            0x08003b5e   Data           8  system_stm32f1xx.o(.constdata)
    Region$$Table$$Base                      0x08003b68   Number         0  anon$$obj.o(Region$$Table)
    Region$$Table$$Limit                     0x08003b88   Number         0  anon$$obj.o(Region$$Table)
    uwTick                                   0x20000000   Data           4  stm32f1xx_hal.o(.data)
    uwTickPrio                               0x20000004   Data           4  stm32f1xx_hal.o(.data)
    uwTickFreq                               0x20000008   Data           1  stm32f1xx_hal.o(.data)
    SystemCoreClock                          0x2000000c   Data           4  system_stm32f1xx.o(.data)
    startTaskHandle                          0x20000010   Data           4  app_task.o(.data)
    powerTaskHandle                          0x20000014   Data           4  app_task.o(.data)
    ledTaskHandle                            0x20000018   Data           4  app_task.o(.data)
    flightTaskHandle                         0x2000001c   Data           4  app_task.o(.data)
    communicationTaskHandle                  0x20000020   Data           4  app_task.o(.data)
    pxCurrentTCB                             0x20000044   Data           4  tasks.o(.data)
    uxTopUsedPriority                        0x2000007c   Data           4  tasks.o(.data)
    ledLeftTop                               0x20000084   Data           2  com_config.o(.data)
    ledLeftBottom                            0x20000086   Data           2  com_config.o(.data)
    ledRightTop                              0x20000088   Data           2  com_config.o(.data)
    ledRightBottom                           0x2000008a   Data           2  com_config.o(.data)
    isRemoteConnected                        0x2000008c   Data           1  com_config.o(.data)
    isRemoteUnlocked                         0x2000008d   Data           1  com_config.o(.data)
    isFixHeight                              0x2000008e   Data           1  com_config.o(.data)
    motorLeftTop                             0x20000090   Data           4  com_config.o(.data)
    motorLeftBottom                          0x20000094   Data           4  com_config.o(.data)
    motorRightTop                            0x20000098   Data           4  com_config.o(.data)
    motorRightBottom                         0x2000009c   Data           4  com_config.o(.data)
    __stdout                                 0x200000a0   Data           4  stdout.o(.data)
    hspi1                                    0x200000a4   Data          88  spi.o(.bss)
    htim1                                    0x200000fc   Data          72  tim.o(.bss)
    htim2                                    0x20000144   Data          72  tim.o(.bss)
    htim3                                    0x2000018c   Data          72  tim.o(.bss)
    htim4                                    0x200001d4   Data          72  tim.o(.bss)
    huart2                                   0x2000021c   Data          72  usart.o(.bss)
    __initial_sp                             0x20003d48   Data           0  startup_stm32f103xb.o(STACK)



==============================================================================

Memory Map of the image

  Image Entry point : 0x080000ed

  Load Region LR_IROM1 (Base: 0x08000000, Size: 0x00003c2c, Max: 0x00010000, ABSOLUTE)

    Execution Region ER_IROM1 (Exec base: 0x08000000, Load base: 0x08000000, Size: 0x00003b88, Max: 0x00010000, ABSOLUTE)

    Exec Addr    Load Addr    Size         Type   Attr      Idx    E Section Name        Object

    0x08000000   0x08000000   0x000000ec   Data   RO         4611    RESET               startup_stm32f103xb.o
    0x080000ec   0x080000ec   0x00000000   Code   RO         4616  * .ARM.Collect$$$$00000000  mc_w.l(entry.o)
    0x080000ec   0x080000ec   0x00000004   Code   RO         4894    .ARM.Collect$$$$00000001  mc_w.l(entry2.o)
    0x080000f0   0x080000f0   0x00000004   Code   RO         4897    .ARM.Collect$$$$00000004  mc_w.l(entry5.o)
    0x080000f4   0x080000f4   0x00000000   Code   RO         4899    .ARM.Collect$$$$00000008  mc_w.l(entry7b.o)
    0x080000f4   0x080000f4   0x00000000   Code   RO         4901    .ARM.Collect$$$$0000000A  mc_w.l(entry8b.o)
    0x080000f4   0x080000f4   0x00000008   Code   RO         4902    .ARM.Collect$$$$0000000B  mc_w.l(entry9a.o)
    0x080000fc   0x080000fc   0x00000000   Code   RO         4904    .ARM.Collect$$$$0000000D  mc_w.l(entry10a.o)
    0x080000fc   0x080000fc   0x00000000   Code   RO         4906    .ARM.Collect$$$$0000000F  mc_w.l(entry11a.o)
    0x080000fc   0x080000fc   0x00000004   Code   RO         4895    .ARM.Collect$$$$00002712  mc_w.l(entry2.o)
    0x08000100   0x08000100   0x00000096   Code   RO         3367    .emb_text           port.o
    0x08000196   0x08000196   0x00000002   PAD
    0x08000198   0x08000198   0x00000024   Code   RO         4612    .text               startup_stm32f103xb.o
    0x080001bc   0x080001bc   0x00000024   Code   RO         4623    .text               mc_w.l(memseta.o)
    0x080001e0   0x080001e0   0x00000020   Code   RO         4629    .text               mc_w.l(strrchr.o)
    0x08000200   0x08000200   0x0000002c   Code   RO         4909    .text               mc_w.l(uidiv.o)
    0x0800022c   0x0800022c   0x00000024   Code   RO         4924    .text               mc_w.l(init.o)
    0x08000250   0x08000250   0x000000b8   Code   RO         3312    i.App_Flight_Start  app_flight.o
    0x08000308   0x08000308   0x00000150   Code   RO         3252    i.App_Task_FreeRTOSStart  app_task.o
    0x08000458   0x08000458   0x00000004   Code   RO          390    i.BusFault_Handler  stm32f1xx_it.o
    0x0800045c   0x0800045c   0x00000002   Code   RO         4579    i.Com_Debug_Start   com_debug.o
    0x0800045e   0x0800045e   0x00000002   Code   RO          391    i.DebugMon_Handler  stm32f1xx_it.o
    0x08000460   0x08000460   0x00000006   Code   RO            4    i.Error_Handler     main.o
    0x08000466   0x08000466   0x00000002   PAD
    0x08000468   0x08000468   0x00000320   Code   RO         1172    i.HAL_GPIO_Init     stm32f1xx_hal_gpio.o
    0x08000788   0x08000788   0x00000014   Code   RO         1175    i.HAL_GPIO_TogglePin  stm32f1xx_hal_gpio.o
    0x0800079c   0x0800079c   0x0000000c   Code   RO         1176    i.HAL_GPIO_WritePin  stm32f1xx_hal_gpio.o
    0x080007a8   0x080007a8   0x0000000c   Code   RO          861    i.HAL_GetTick       stm32f1xx_hal.o
    0x080007b4   0x080007b4   0x00000018   Code   RO          867    i.HAL_IncTick       stm32f1xx_hal.o
    0x080007cc   0x080007cc   0x00000028   Code   RO          868    i.HAL_Init          stm32f1xx_hal.o
    0x080007f4   0x080007f4   0x0000004c   Code   RO          869    i.HAL_InitTick      stm32f1xx_hal.o
    0x08000840   0x08000840   0x00000054   Code   RO          468    i.HAL_MspInit       stm32f1xx_hal_msp.o
    0x08000894   0x08000894   0x0000007c   Code   RO         1338    i.HAL_NVIC_SetPriority  stm32f1xx_hal_cortex.o
    0x08000910   0x08000910   0x00000028   Code   RO         1339    i.HAL_NVIC_SetPriorityGrouping  stm32f1xx_hal_cortex.o
    0x08000938   0x08000938   0x0000018c   Code   RO         1025    i.HAL_RCC_ClockConfig  stm32f1xx_hal_rcc.o
    0x08000ac4   0x08000ac4   0x0000000c   Code   RO         1030    i.HAL_RCC_GetHCLKFreq  stm32f1xx_hal_rcc.o
    0x08000ad0   0x08000ad0   0x00000020   Code   RO         1032    i.HAL_RCC_GetPCLK1Freq  stm32f1xx_hal_rcc.o
    0x08000af0   0x08000af0   0x00000020   Code   RO         1033    i.HAL_RCC_GetPCLK2Freq  stm32f1xx_hal_rcc.o
    0x08000b10   0x08000b10   0x00000070   Code   RO         1034    i.HAL_RCC_GetSysClockFreq  stm32f1xx_hal_rcc.o
    0x08000b80   0x08000b80   0x00000464   Code   RO         1037    i.HAL_RCC_OscConfig  stm32f1xx_hal_rcc.o
    0x08000fe4   0x08000fe4   0x000000be   Code   RO          539    i.HAL_SPI_Init      stm32f1xx_hal_spi.o
    0x080010a2   0x080010a2   0x00000002   PAD
    0x080010a4   0x080010a4   0x00000084   Code   RO          236    i.HAL_SPI_MspInit   spi.o
    0x08001128   0x08001128   0x00000034   Code   RO         1343    i.HAL_SYSTICK_Config  stm32f1xx_hal_cortex.o
    0x0800115c   0x0800115c   0x00000074   Code   RO         2578    i.HAL_TIMEx_ConfigBreakDeadTime  stm32f1xx_hal_tim_ex.o
    0x080011d0   0x080011d0   0x00000084   Code   RO         2594    i.HAL_TIMEx_MasterConfigSynchronization  stm32f1xx_hal_tim_ex.o
    0x08001254   0x08001254   0x00000066   Code   RO         1860    i.HAL_TIM_Base_Init  stm32f1xx_hal_tim.o
    0x080012ba   0x080012ba   0x00000002   PAD
    0x080012bc   0x080012bc   0x000000a4   Code   RO          283    i.HAL_TIM_Base_MspInit  tim.o
    0x08001360   0x08001360   0x0000010c   Code   RO         1869    i.HAL_TIM_ConfigClockSource  stm32f1xx_hal_tim.o
    0x0800146c   0x0800146c   0x00000120   Code   RO          284    i.HAL_TIM_MspPostInit  tim.o
    0x0800158c   0x0800158c   0x00000104   Code   RO         1932    i.HAL_TIM_PWM_ConfigChannel  stm32f1xx_hal_tim.o
    0x08001690   0x08001690   0x00000066   Code   RO         1935    i.HAL_TIM_PWM_Init  stm32f1xx_hal_tim.o
    0x080016f6   0x080016f6   0x00000002   Code   RO         1937    i.HAL_TIM_PWM_MspInit  stm32f1xx_hal_tim.o
    0x080016f8   0x080016f8   0x000000d4   Code   RO         1940    i.HAL_TIM_PWM_Start  stm32f1xx_hal_tim.o
    0x080017cc   0x080017cc   0x00000076   Code   RO         2872    i.HAL_UART_Init     stm32f1xx_hal_uart.o
    0x08001842   0x08001842   0x00000002   PAD
    0x08001844   0x08001844   0x00000084   Code   RO          349    i.HAL_UART_MspInit  usart.o
    0x080018c8   0x080018c8   0x000000be   Code   RO         2880    i.HAL_UART_Transmit  stm32f1xx_hal_uart.o
    0x08001986   0x08001986   0x00000004   Code   RO          392    i.HardFault_Handler  stm32f1xx_it.o
    0x0800198a   0x0800198a   0x00000014   Code   RO         4407    i.Inf_IP5305T_Close  inf_ip5305t.o
    0x0800199e   0x0800199e   0x00000008   Code   RO         4408    i.Inf_IP5305T_Open  inf_ip5305t.o
    0x080019a6   0x080019a6   0x00000002   PAD
    0x080019a8   0x080019a8   0x00000024   Code   RO         4409    i.Inf_IP5305T_ShortPress  inf_ip5305t.o
    0x080019cc   0x080019cc   0x000000a0   Code   RO         4380    i.Inf_LED_SetStatus  inf_led.o
    0x08001a6c   0x08001a6c   0x00000078   Code   RO         4445    i.Inf_MOtor_SetSpeed  inf_motor.o
    0x08001ae4   0x08001ae4   0x0000002c   Code   RO         4446    i.Inf_Motor_AllMotorsWork  inf_motor.o
    0x08001b10   0x08001b10   0x0000005c   Code   RO         4447    i.Inf_Motor_Init    inf_motor.o
    0x08001b6c   0x08001b6c   0x00000118   Code   RO          210    i.MX_GPIO_Init      gpio.o
    0x08001c84   0x08001c84   0x00000044   Code   RO          237    i.MX_SPI1_Init      spi.o
    0x08001cc8   0x08001cc8   0x000000dc   Code   RO          285    i.MX_TIM1_Init      tim.o
    0x08001da4   0x08001da4   0x000000a4   Code   RO          286    i.MX_TIM2_Init      tim.o
    0x08001e48   0x08001e48   0x000000a4   Code   RO          287    i.MX_TIM3_Init      tim.o
    0x08001eec   0x08001eec   0x000000a4   Code   RO          288    i.MX_TIM4_Init      tim.o
    0x08001f90   0x08001f90   0x00000038   Code   RO          350    i.MX_USART2_UART_Init  usart.o
    0x08001fc8   0x08001fc8   0x00000004   Code   RO          393    i.MemManage_Handler  stm32f1xx_it.o
    0x08001fcc   0x08001fcc   0x00000004   Code   RO          394    i.NMI_Handler       stm32f1xx_it.o
    0x08001fd0   0x08001fd0   0x00000028   Code   RO         1038    i.RCC_Delay         stm32f1xx_hal_rcc.o
    0x08001ff8   0x08001ff8   0x00000014   Code   RO          397    i.SysTick_Handler   stm32f1xx_it.o
    0x0800200c   0x0800200c   0x00000066   Code   RO            5    i.SystemClock_Config  main.o
    0x08002072   0x08002072   0x00000002   Code   RO         3216    i.SystemInit        system_stm32f1xx.o
    0x08002074   0x08002074   0x00000084   Code   RO         1953    i.TIM_Base_SetConfig  stm32f1xx_hal_tim.o
    0x080020f8   0x080020f8   0x00000022   Code   RO         1954    i.TIM_CCxChannelCmd  stm32f1xx_hal_tim.o
    0x0800211a   0x0800211a   0x00000016   Code   RO         1964    i.TIM_ETR_SetConfig  stm32f1xx_hal_tim.o
    0x08002130   0x08002130   0x00000012   Code   RO         1965    i.TIM_ITRx_SetConfig  stm32f1xx_hal_tim.o
    0x08002142   0x08002142   0x00000002   PAD
    0x08002144   0x08002144   0x00000060   Code   RO         1966    i.TIM_OC1_SetConfig  stm32f1xx_hal_tim.o
    0x080021a4   0x080021a4   0x00000068   Code   RO         1967    i.TIM_OC2_SetConfig  stm32f1xx_hal_tim.o
    0x0800220c   0x0800220c   0x00000068   Code   RO         1968    i.TIM_OC3_SetConfig  stm32f1xx_hal_tim.o
    0x08002274   0x08002274   0x00000048   Code   RO         1969    i.TIM_OC4_SetConfig  stm32f1xx_hal_tim.o
    0x080022bc   0x080022bc   0x00000026   Code   RO         1971    i.TIM_TI1_ConfigInputStage  stm32f1xx_hal_tim.o
    0x080022e2   0x080022e2   0x00000028   Code   RO         1973    i.TIM_TI2_ConfigInputStage  stm32f1xx_hal_tim.o
    0x0800230a   0x0800230a   0x0000006c   Code   RO         2895    i.UART_EndRxTransfer  stm32f1xx_hal_uart.o
    0x08002376   0x08002376   0x00000002   PAD
    0x08002378   0x08002378   0x000000fc   Code   RO         2899    i.UART_SetConfig    stm32f1xx_hal_uart.o
    0x08002474   0x08002474   0x0000008c   Code   RO         2903    i.UART_WaitOnFlagUntilTimeout  stm32f1xx_hal_uart.o
    0x08002500   0x08002500   0x00000004   Code   RO          398    i.UsageFault_Handler  stm32f1xx_it.o
    0x08002504   0x08002504   0x00000020   Code   RO         4788    i.__0printf$6       mc_w.l(printf6.o)
    0x08002524   0x08002524   0x00000010   Code   RO         1345    i.__NVIC_GetPriorityGrouping  stm32f1xx_hal_cortex.o
    0x08002534   0x08002534   0x00000028   Code   RO         1346    i.__NVIC_SetPriority  stm32f1xx_hal_cortex.o
    0x0800255c   0x0800255c   0x0000000e   Code   RO         4934    i.__scatterload_copy  mc_w.l(handlers.o)
    0x0800256a   0x0800256a   0x00000002   Code   RO         4935    i.__scatterload_null  mc_w.l(handlers.o)
    0x0800256c   0x0800256c   0x0000000e   Code   RO         4936    i.__scatterload_zeroinit  mc_w.l(handlers.o)
    0x0800257a   0x0800257a   0x00000002   PAD
    0x0800257c   0x0800257c   0x000002f0   Code   RO         4795    i._printf_core      mc_w.l(printf6.o)
    0x0800286c   0x0800286c   0x00000024   Code   RO         4796    i._printf_post_padding  mc_w.l(printf6.o)
    0x08002890   0x08002890   0x0000002e   Code   RO         4797    i._printf_pre_padding  mc_w.l(printf6.o)
    0x080028be   0x080028be   0x00000002   PAD
    0x080028c0   0x080028c0   0x00000080   Code   RO         3253    i.communicationTask  app_task.o
    0x08002940   0x08002940   0x000000a4   Code   RO         3254    i.flightTask        app_task.o
    0x080029e4   0x080029e4   0x0000001c   Code   RO         4580    i.fputc             com_debug.o
    0x08002a00   0x08002a00   0x00000168   Code   RO         3255    i.ledTask           app_task.o
    0x08002b68   0x08002b68   0x0000002c   Code   RO            6    i.main              main.o
    0x08002b94   0x08002b94   0x00000104   Code   RO         3256    i.powerTask         app_task.o
    0x08002c98   0x08002c98   0x000000c0   Code   RO         3990    i.prvAddCurrentTaskToDelayedList  tasks.o
    0x08002d58   0x08002d58   0x000000ec   Code   RO         3991    i.prvAddNewTaskToReadyList  tasks.o
    0x08002e44   0x08002e44   0x00000048   Code   RO         3992    i.prvCheckTasksWaitingTermination  tasks.o
    0x08002e8c   0x08002e8c   0x00000012   Code   RO         3993    i.prvDeleteTCB      tasks.o
    0x08002e9e   0x08002e9e   0x00000002   PAD
    0x08002ea0   0x08002ea0   0x00000070   Code   RO         3438    i.prvHeapInit       heap_4.o
    0x08002f10   0x08002f10   0x00000028   Code   RO         3994    i.prvIdleTask       tasks.o
    0x08002f38   0x08002f38   0x00000086   Code   RO         3995    i.prvInitialiseNewTask  tasks.o
    0x08002fbe   0x08002fbe   0x00000002   PAD
    0x08002fc0   0x08002fc0   0x00000068   Code   RO         3996    i.prvInitialiseTaskLists  tasks.o
    0x08003028   0x08003028   0x00000068   Code   RO         3439    i.prvInsertBlockIntoFreeList  heap_4.o
    0x08003090   0x08003090   0x00000030   Code   RO         3998    i.prvResetNextTaskUnblockTime  tasks.o
    0x080030c0   0x080030c0   0x00000016   Code   RO         3368    i.prvTaskExitError  port.o
    0x080030d6   0x080030d6   0x00000002   PAD
    0x080030d8   0x080030d8   0x000000e4   Code   RO         3441    i.pvPortMalloc      heap_4.o
    0x080031bc   0x080031bc   0x00000024   Code   RO         3369    i.pxPortInitialiseStack  port.o
    0x080031e0   0x080031e0   0x00000158   Code   RO         3257    i.startTask         app_task.o
    0x08003338   0x08003338   0x00000088   Code   RO         4003    i.ulTaskGenericNotifyTake  tasks.o
    0x080033c0   0x080033c0   0x00000028   Code   RO         3618    i.uxListRemove      list.o
    0x080033e8   0x080033e8   0x0000001a   Code   RO         3619    i.vListInitialise   list.o
    0x08003402   0x08003402   0x00000006   Code   RO         3620    i.vListInitialiseItem  list.o
    0x08003408   0x08003408   0x00000034   Code   RO         3621    i.vListInsert       list.o
    0x0800343c   0x0800343c   0x00000018   Code   RO         3622    i.vListInsertEnd    list.o
    0x08003454   0x08003454   0x00000024   Code   RO         3371    i.vPortEnterCritical  port.o
    0x08003478   0x08003478   0x00000020   Code   RO         3372    i.vPortExitCritical  port.o
    0x08003498   0x08003498   0x0000004c   Code   RO         3442    i.vPortFree         heap_4.o
    0x080034e4   0x080034e4   0x00000018   Code   RO         3373    i.vPortSetupTimerInterrupt  port.o
    0x080034fc   0x080034fc   0x00000034   Code   RO         4011    i.vTaskDelay        tasks.o
    0x08003530   0x08003530   0x000000d4   Code   RO         4012    i.vTaskDelete       tasks.o
    0x08003604   0x08003604   0x0000006c   Code   RO         4027    i.vTaskStartScheduler  tasks.o
    0x08003670   0x08003670   0x00000010   Code   RO         4029    i.vTaskSuspendAll   tasks.o
    0x08003680   0x08003680   0x00000060   Code   RO         4030    i.vTaskSwitchContext  tasks.o
    0x080036e0   0x080036e0   0x00000034   Code   RO         3374    i.xPortStartScheduler  port.o
    0x08003714   0x08003714   0x00000034   Code   RO         3375    i.xPortSysTickHandler  port.o
    0x08003748   0x08003748   0x00000068   Code   RO         4033    i.xTaskCreate       tasks.o
    0x080037b0   0x080037b0   0x00000074   Code   RO         4034    i.xTaskDelayUntil   tasks.o
    0x08003824   0x08003824   0x00000020   Code   RO         4040    i.xTaskGetSchedulerState  tasks.o
    0x08003844   0x08003844   0x0000000c   Code   RO         4041    i.xTaskGetTickCount  tasks.o
    0x08003850   0x08003850   0x00000190   Code   RO         4043    i.xTaskIncrementTick  tasks.o
    0x080039e0   0x080039e0   0x0000015c   Code   RO         4047    i.xTaskResumeAll    tasks.o
    0x08003b3c   0x08003b3c   0x00000012   Data   RO         1039    .constdata          stm32f1xx_hal_rcc.o
    0x08003b4e   0x08003b4e   0x00000018   Data   RO         3217    .constdata          system_stm32f1xx.o
    0x08003b66   0x08003b66   0x00000002   PAD
    0x08003b68   0x08003b68   0x00000020   Data   RO         4932    Region$$Table       anon$$obj.o


    Execution Region RW_IRAM1 (Exec base: 0x20000000, Load base: 0x08003b88, Size: 0x00003d48, Max: 0x00005000, ABSOLUTE)

    Exec Addr    Load Addr    Size         Type   Attr      Idx    E Section Name        Object

    0x20000000   0x08003b88   0x00000009   Data   RW          875    .data               stm32f1xx_hal.o
    0x20000009   0x08003b91   0x00000003   PAD
    0x2000000c   0x08003b94   0x00000004   Data   RW         3218    .data               system_stm32f1xx.o
    0x20000010   0x08003b98   0x00000014   Data   RW         3258    .data               app_task.o
    0x20000024   0x08003bac   0x00000004   Data   RW         3376    .data               port.o
    0x20000028   0x08003bb0   0x0000001c   Data   RW         3448    .data               heap_4.o
    0x20000044   0x08003bcc   0x00000040   Data   RW         4050    .data               tasks.o
    0x20000084   0x08003c0c   0x0000001c   Data   RW         4560    .data               com_config.o
    0x200000a0   0x08003c28   0x00000004   Data   RW         4908    .data               mc_w.l(stdout.o)
    0x200000a4        -       0x00000058   Zero   RW          238    .bss                spi.o
    0x200000fc        -       0x00000120   Zero   RW          289    .bss                tim.o
    0x2000021c        -       0x00000048   Zero   RW          351    .bss                usart.o
    0x20000264        -       0x00003000   Zero   RW         3447    .bss                heap_4.o
    0x20003264        -       0x000002e4   Zero   RW         4049    .bss                tasks.o
    0x20003548        -       0x00000800   Zero   RW         4609    STACK               startup_stm32f103xb.o


==============================================================================

Image component sizes


      Code (inc. data)   RO Data    RW Data    ZI Data      Debug   Object Name

       184        104          0          0          0        471   app_flight.o
      1592        720          0         20          0       3745   app_task.o
         0          0          0         28          0       1349   com_config.o
        30          6          0          0          0        938   com_debug.o
       280         12          0          0          0        987   gpio.o
       520         58          0         28      12288       7111   heap_4.o
        64          6          0          0          0       1335   inf_ip5305t.o
       160         10          0          0          0        856   inf_led.o
       256         66          0          0          0       1764   inf_motor.o
       148          0          0          0          0       3178   list.o
       152          0          0          0          0     450149   main.o
       404         48          0          4          0       9092   port.o
       200         20          0          0         88       1597   spi.o
        36          8        236          0       2048        752   startup_stm32f103xb.o
       152         32          0          9          0       5209   stm32f1xx_hal.o
       272         22          0          0          0      28690   stm32f1xx_hal_cortex.o
       832         34          0          0          0       3249   stm32f1xx_hal_gpio.o
        84          8          0          0          0        874   stm32f1xx_hal_msp.o
      1748         98         18          0          0       5888   stm32f1xx_hal_rcc.o
       190          0          0          0          0       1127   stm32f1xx_hal_spi.o
      1606         46          0          0          0      11762   stm32f1xx_hal_tim.o
       248         14          0          0          0       2096   stm32f1xx_hal_tim_ex.o
       808          4          0          0          0       4320   stm32f1xx_hal_uart.o
        42          0          0          0          0       3019   stm32f1xx_it.o
         2          0         24          4          0       1091   system_stm32f1xx.o
      2476        332          0         64        740      29346   tasks.o
      1164         76          0          0        288       4747   tim.o
       188         22          0          0         72       1622   usart.o

    ----------------------------------------------------------------------
     13860       1746        312        160      15524     586364   Object Totals
         0          0         32          0          0          0   (incl. Generated)
        22          0          2          3          0          0   (incl. Padding)

    ----------------------------------------------------------------------

      Code (inc. data)   RO Data    RW Data    ZI Data      Debug   Library Member Name

         0          0          0          0          0          0   entry.o
         0          0          0          0          0          0   entry10a.o
         0          0          0          0          0          0   entry11a.o
         8          4          0          0          0          0   entry2.o
         4          0          0          0          0          0   entry5.o
         0          0          0          0          0          0   entry7b.o
         0          0          0          0          0          0   entry8b.o
         8          4          0          0          0          0   entry9a.o
        30          0          0          0          0          0   handlers.o
        36          8          0          0          0         68   init.o
        36          0          0          0          0        108   memseta.o
       866         14          0          0          0        352   printf6.o
         0          0          0          4          0          0   stdout.o
        32          0          0          0          0         68   strrchr.o
        44          0          0          0          0         80   uidiv.o

    ----------------------------------------------------------------------
      1068         30          0          4          0        676   Library Totals
         4          0          0          0          0          0   (incl. Padding)

    ----------------------------------------------------------------------

      Code (inc. data)   RO Data    RW Data    ZI Data      Debug   Library Name

      1064         30          0          4          0        676   mc_w.l

    ----------------------------------------------------------------------
      1068         30          0          4          0        676   Library Totals

    ----------------------------------------------------------------------

==============================================================================


      Code (inc. data)   RO Data    RW Data    ZI Data      Debug   

     14928       1776        312        164      15524     581004   Grand Totals
     14928       1776        312        164      15524     581004   ELF Image Totals
     14928       1776        312        164          0          0   ROM Totals

==============================================================================

    Total RO  Size (Code + RO Data)                15240 (  14.88kB)
    Total RW  Size (RW Data + ZI Data)             15688 (  15.32kB)
    Total ROM Size (Code + RO Data + RW Data)      15404 (  15.04kB)

==============================================================================

